Archive member included to satisfy reference by file (symbol)

C:/ST/STM32CubeIDE_1.13.0/STM32CubeIDE/plugins/com.st.stm32cube.ide.mcu.externaltools.gnu-tools-for-stm32.11.3.rel1.win32_1.1.0.202305231506/tools/bin/../lib/gcc/arm-none-eabi/11.3.1/../../../../arm-none-eabi/lib/thumb/v7e-m+fp/hard\libc_nano.a(libc_a-calloc.o)
                              ./CanOpenSTM32/CANopenNode/CANopen.o (calloc)
C:/ST/STM32CubeIDE_1.13.0/STM32CubeIDE/plugins/com.st.stm32cube.ide.mcu.externaltools.gnu-tools-for-stm32.11.3.rel1.win32_1.1.0.202305231506/tools/bin/../lib/gcc/arm-none-eabi/11.3.1/../../../../arm-none-eabi/lib/thumb/v7e-m+fp/hard\libc_nano.a(libc_a-callocr.o)
                              C:/ST/STM32CubeIDE_1.13.0/STM32CubeIDE/plugins/com.st.stm32cube.ide.mcu.externaltools.gnu-tools-for-stm32.11.3.rel1.win32_1.1.0.202305231506/tools/bin/../lib/gcc/arm-none-eabi/11.3.1/../../../../arm-none-eabi/lib/thumb/v7e-m+fp/hard\libc_nano.a(libc_a-calloc.o) (_calloc_r)
C:/ST/STM32CubeIDE_1.13.0/STM32CubeIDE/plugins/com.st.stm32cube.ide.mcu.externaltools.gnu-tools-for-stm32.11.3.rel1.win32_1.1.0.202305231506/tools/bin/../lib/gcc/arm-none-eabi/11.3.1/../../../../arm-none-eabi/lib/thumb/v7e-m+fp/hard\libc_nano.a(libc_a-exit.o)
                              C:/ST/STM32CubeIDE_1.13.0/STM32CubeIDE/plugins/com.st.stm32cube.ide.mcu.externaltools.gnu-tools-for-stm32.11.3.rel1.win32_1.1.0.202305231506/tools/bin/../lib/gcc/arm-none-eabi/11.3.1/../../../../arm-none-eabi/lib/thumb/v7e-m+fp/hard/crt0.o (exit)
C:/ST/STM32CubeIDE_1.13.0/STM32CubeIDE/plugins/com.st.stm32cube.ide.mcu.externaltools.gnu-tools-for-stm32.11.3.rel1.win32_1.1.0.202305231506/tools/bin/../lib/gcc/arm-none-eabi/11.3.1/../../../../arm-none-eabi/lib/thumb/v7e-m+fp/hard\libc_nano.a(libc_a-malloc.o)
                              ./CanOpenSTM32/CANopenNode/CANopen.o (free)
C:/ST/STM32CubeIDE_1.13.0/STM32CubeIDE/plugins/com.st.stm32cube.ide.mcu.externaltools.gnu-tools-for-stm32.11.3.rel1.win32_1.1.0.202305231506/tools/bin/../lib/gcc/arm-none-eabi/11.3.1/../../../../arm-none-eabi/lib/thumb/v7e-m+fp/hard\libc_nano.a(libc_a-mallocr.o)
                              C:/ST/STM32CubeIDE_1.13.0/STM32CubeIDE/plugins/com.st.stm32cube.ide.mcu.externaltools.gnu-tools-for-stm32.11.3.rel1.win32_1.1.0.202305231506/tools/bin/../lib/gcc/arm-none-eabi/11.3.1/../../../../arm-none-eabi/lib/thumb/v7e-m+fp/hard\libc_nano.a(libc_a-callocr.o) (_malloc_r)
C:/ST/STM32CubeIDE_1.13.0/STM32CubeIDE/plugins/com.st.stm32cube.ide.mcu.externaltools.gnu-tools-for-stm32.11.3.rel1.win32_1.1.0.202305231506/tools/bin/../lib/gcc/arm-none-eabi/11.3.1/../../../../arm-none-eabi/lib/thumb/v7e-m+fp/hard\libc_nano.a(libc_a-mlock.o)
                              C:/ST/STM32CubeIDE_1.13.0/STM32CubeIDE/plugins/com.st.stm32cube.ide.mcu.externaltools.gnu-tools-for-stm32.11.3.rel1.win32_1.1.0.202305231506/tools/bin/../lib/gcc/arm-none-eabi/11.3.1/../../../../arm-none-eabi/lib/thumb/v7e-m+fp/hard\libc_nano.a(libc_a-mallocr.o) (__malloc_lock)
C:/ST/STM32CubeIDE_1.13.0/STM32CubeIDE/plugins/com.st.stm32cube.ide.mcu.externaltools.gnu-tools-for-stm32.11.3.rel1.win32_1.1.0.202305231506/tools/bin/../lib/gcc/arm-none-eabi/11.3.1/../../../../arm-none-eabi/lib/thumb/v7e-m+fp/hard\libc_nano.a(libc_a-nano-vfprintf.o)
                              ./Core/Src/log.o (vfprintf)
C:/ST/STM32CubeIDE_1.13.0/STM32CubeIDE/plugins/com.st.stm32cube.ide.mcu.externaltools.gnu-tools-for-stm32.11.3.rel1.win32_1.1.0.202305231506/tools/bin/../lib/gcc/arm-none-eabi/11.3.1/../../../../arm-none-eabi/lib/thumb/v7e-m+fp/hard\libc_nano.a(libc_a-nano-vfprintf_i.o)
                              C:/ST/STM32CubeIDE_1.13.0/STM32CubeIDE/plugins/com.st.stm32cube.ide.mcu.externaltools.gnu-tools-for-stm32.11.3.rel1.win32_1.1.0.202305231506/tools/bin/../lib/gcc/arm-none-eabi/11.3.1/../../../../arm-none-eabi/lib/thumb/v7e-m+fp/hard\libc_nano.a(libc_a-nano-vfprintf.o) (_printf_i)
C:/ST/STM32CubeIDE_1.13.0/STM32CubeIDE/plugins/com.st.stm32cube.ide.mcu.externaltools.gnu-tools-for-stm32.11.3.rel1.win32_1.1.0.202305231506/tools/bin/../lib/gcc/arm-none-eabi/11.3.1/../../../../arm-none-eabi/lib/thumb/v7e-m+fp/hard\libc_nano.a(libc_a-fflush.o)
                              ./CanOpenSTM32/CANopenNode_STM32/CO_app_STM32.o (fflush)
C:/ST/STM32CubeIDE_1.13.0/STM32CubeIDE/plugins/com.st.stm32cube.ide.mcu.externaltools.gnu-tools-for-stm32.11.3.rel1.win32_1.1.0.202305231506/tools/bin/../lib/gcc/arm-none-eabi/11.3.1/../../../../arm-none-eabi/lib/thumb/v7e-m+fp/hard\libc_nano.a(libc_a-findfp.o)
                              C:/ST/STM32CubeIDE_1.13.0/STM32CubeIDE/plugins/com.st.stm32cube.ide.mcu.externaltools.gnu-tools-for-stm32.11.3.rel1.win32_1.1.0.202305231506/tools/bin/../lib/gcc/arm-none-eabi/11.3.1/../../../../arm-none-eabi/lib/thumb/v7e-m+fp/hard\libc_nano.a(libc_a-nano-vfprintf.o) (__sinit)
[...]
Memory Configuration

Name             Origin             Length             Attributes
RAM              0x0000000020000000 0x0000000000010000 xrw
RAM2             0x0000000010000000 0x0000000000004000 xrw
FLASH            0x0000000008000000 0x0000000000040000 xr
*default*        0x0000000000000000 0xffffffffffffffff

Linker script and memory map

LOAD C:/ST/STM32CubeIDE_1.13.0/STM32CubeIDE/plugins/com.st.stm32cube.ide.mcu.externaltools.gnu-tools-for-stm32.11.3.rel1.win32_1.1.0.202305231506/tools/bin/../lib/gcc/arm-none-eabi/11.3.1/thumb/v7e-m+fp/hard/crti.o
LOAD C:/ST/STM32CubeIDE_1.13.0/STM32CubeIDE/plugins/com.st.stm32cube.ide.mcu.externaltools.gnu-tools-for-stm32.11.3.rel1.win32_1.1.0.202305231506/tools/bin/../lib/gcc/arm-none-eabi/11.3.1/thumb/v7e-m+fp/hard/crtbegin.o
LOAD C:/ST/STM32CubeIDE_1.13.0/STM32CubeIDE/plugins/com.st.stm32cube.ide.mcu.externaltools.gnu-tools-for-stm32.11.3.rel1.win32_1.1.0.202305231506/tools/bin/../lib/gcc/arm-none-eabi/11.3.1/../../../../arm-none-eabi/lib/thumb/v7e-m+fp/hard/crt0.o
LOAD ./CanOpenSTM32/CANopenNode/301/CO_Emergency.o
LOAD ./CanOpenSTM32/CANopenNode/301/CO_HBconsumer.o
LOAD ./CanOpenSTM32/CANopenNode/301/CO_NMT_Heartbeat.o
LOAD ./CanOpenSTM32/CANopenNode/301/CO_ODinterface.o
LOAD ./CanOpenSTM32/CANopenNode/301/CO_PDO.o
LOAD ./CanOpenSTM32/CANopenNode/301/CO_SDOclient.o
LOAD ./CanOpenSTM32/CANopenNode/301/CO_SDOserver.o
LOAD ./CanOpenSTM32/CANopenNode/301/CO_SYNC.o
LOAD ./CanOpenSTM32/CANopenNode/301/CO_TIME.o
LOAD ./CanOpenSTM32/CANopenNode/301/CO_fifo.o
LOAD ./CanOpenSTM32/CANopenNode/301/crc16-ccitt.o
LOAD ./CanOpenSTM32/CANopenNode/303/CO_LEDs.o
LOAD ./CanOpenSTM32/CANopenNode/304/CO_GFC.o
LOAD ./CanOpenSTM32/CANopenNode/304/CO_SRDO.o
LOAD ./CanOpenSTM32/CANopenNode/305/CO_LSSmaster.o
LOAD ./CanOpenSTM32/CANopenNode/305/CO_LSSslave.o
LOAD ./CanOpenSTM32/CANopenNode/309/CO_gateway_ascii.o
LOAD ./CanOpenSTM32/CANopenNode/CANopen.o
LOAD ./CanOpenSTM32/CANopenNode/extra/CO_trace.o
LOAD ./CanOpenSTM32/CANopenNode/storage/CO_storage.o
LOAD ./CanOpenSTM32/CANopenNode/storage/CO_storageEeprom.o
LOAD ./CanOpenSTM32/CANopenNode_STM32/CO_app_STM32.o
LOAD ./CanOpenSTM32/CANopenNode_STM32/CO_driver_STM32.o
LOAD ./CanOpenSTM32/CANopenNode_STM32/CO_storageBlank.o
LOAD ./CanOpenSTM32/CANopenNode_STM32/OD.o
LOAD ./Core/Src/dma_printf.o
LOAD ./Core/Src/dma_ring.o
LOAD ./Core/Src/dma_scanf.o
LOAD ./Core/Src/log.o
LOAD ./Core/Src/main.o
LOAD ./Core/Src/stm32l4xx_hal_msp.o
LOAD ./Core/Src/stm32l4xx_it.o
LOAD ./Core/Src/syscalls.o
LOAD ./Core/Src/sysmem.o
LOAD ./Core/Src/system_stm32l4xx.o
LOAD ./Core/Startup/startup_stm32l432kcux.o
LOAD ./Drivers/STM32L4xx_HAL_Driver/Src/stm32l4xx_hal.o
LOAD ./Drivers/STM32L4xx_HAL_Driver/Src/stm32l4xx_hal_can.o
LOAD ./Drivers/STM32L4xx_HAL_Driver/Src/stm32l4xx_hal_cortex.o
LOAD ./Drivers/STM32L4xx_HAL_Driver/Src/stm32l4xx_hal_dma.o
LOAD ./Drivers/STM32L4xx_HAL_Driver/Src/stm32l4xx_hal_dma_ex.o
LOAD ./Drivers/STM32L4xx_HAL_Driver/Src/stm32l4xx_hal_exti.o
LOAD ./Drivers/STM32L4xx_HAL_Driver/Src/stm32l4xx_hal_flash.o
LOAD ./Drivers/STM32L4xx_HAL_Driver/Src/stm32l4xx_hal_flash_ex.o
LOAD ./Drivers/STM32L4xx_HAL_Driver/Src/stm32l4xx_hal_flash_ramfunc.o
LOAD ./Drivers/STM32L4xx_HAL_Driver/Src/stm32l4xx_hal_gpio.o
LOAD ./Drivers/STM32L4xx_HAL_Driver/Src/stm32l4xx_hal_iwdg.o
LOAD ./Drivers/STM32L4xx_HAL_Driver/Src/stm32l4xx_hal_pwr.o
LOAD ./Drivers/STM32L4xx_HAL_Driver/Src/stm32l4xx_hal_pwr_ex.o
LOAD ./Drivers/STM32L4xx_HAL_Driver/Src/stm32l4xx_hal_rcc.o
LOAD ./Drivers/STM32L4xx_HAL_Driver/Src/stm32l4xx_hal_rcc_ex.o
LOAD ./Drivers/STM32L4xx_HAL_Driver/Src/stm32l4xx_hal_rtc.o
LOAD ./Drivers/STM32L4xx_HAL_Driver/Src/stm32l4xx_hal_rtc_ex.o
LOAD ./Drivers/STM32L4xx_HAL_Driver/Src/stm32l4xx_hal_tim.o
LOAD ./Drivers/STM32L4xx_HAL_Driver/Src/stm32l4xx_hal_tim_ex.o
LOAD ./Drivers/STM32L4xx_HAL_Driver/Src/stm32l4xx_hal_uart.o
LOAD ./Drivers/STM32L4xx_HAL_Driver/Src/stm32l4xx_hal_uart_ex.o
START GROUP
LOAD C:/ST/STM32CubeIDE_1.13.0/STM32CubeIDE/plugins/com.st.stm32cube.ide.mcu.externaltools.gnu-tools-for-stm32.11.3.rel1.win32_1.1.0.202305231506/tools/bin/../lib/gcc/arm-none-eabi/11.3.1/../../../../arm-none-eabi/lib/thumb/v7e-m+fp/hard\libc_nano.a
LOAD C:/ST/STM32CubeIDE_1.13.0/STM32CubeIDE/plugins/com.st.stm32cube.ide.mcu.externaltools.gnu-tools-for-stm32.11.3.rel1.win32_1.1.0.202305231506/tools/bin/../lib/gcc/arm-none-eabi/11.3.1/../../../../arm-none-eabi/lib/thumb/v7e-m+fp/hard\libm.a
END GROUP
START GROUP
LOAD C:/ST/STM32CubeIDE_1.13.0/STM32CubeIDE/plugins/com.st.stm32cube.ide.mcu.externaltools.gnu-tools-for-stm32.11.3.rel1.win32_1.1.0.202305231506/tools/bin/../lib/gcc/arm-none-eabi/11.3.1/thumb/v7e-m+fp/hard\libgcc.a
LOAD C:/ST/STM32CubeIDE_1.13.0/STM32CubeIDE/plugins/com.st.stm32cube.ide.mcu.externaltools.gnu-tools-for-stm32.11.3.rel1.win32_1.1.0.202305231506/tools/bin/../lib/gcc/arm-none-eabi/11.3.1/../../../../arm-none-eabi/lib/thumb/v7e-m+fp/hard\libc_nano.a
END GROUP
START GROUP
LOAD C:/ST/STM32CubeIDE_1.13.0/STM32CubeIDE/plugins/com.st.stm32cube.ide.mcu.externaltools.gnu-tools-for-stm32.11.3.rel1.win32_1.1.0.202305231506/tools/bin/../lib/gcc/arm-none-eabi/11.3.1/thumb/v7e-m+fp/hard\libgcc.a
LOAD C:/ST/STM32CubeIDE_1.13.0/STM32CubeIDE/plugins/com.st.stm32cube.ide.mcu.externaltools.gnu-tools-for-stm32.11.3.rel1.win32_1.1.0.202305231506/tools/bin/../lib/gcc/arm-none-eabi/11.3.1/../../../../arm-none-eabi/lib/thumb/v7e-m+fp/hard\libc_nano.a
LOAD C:/ST/STM32CubeIDE_1.13.0/STM32CubeIDE/plugins/com.st.stm32cube.ide.mcu.externaltools.gnu-tools-for-stm32.11.3.rel1.win32_1.1.0.202305231506/tools/bin/../lib/gcc/arm-none-eabi/11.3.1/../../../../arm-none-eabi/lib/thumb/v7e-m+fp/hard\libnosys.a
END GROUP
START GROUP
LOAD C:/ST/STM32CubeIDE_1.13.0/STM32CubeIDE/plugins/com.st.stm32cube.ide.mcu.externaltools.gnu-tools-for-stm32.11.3.rel1.win32_1.1.0.202305231506/tools/bin/../lib/gcc/arm-none-eabi/11.3.1/thumb/v7e-m+fp/hard\libgcc.a
LOAD C:/ST/STM32CubeIDE_1.13.0/STM32CubeIDE/plugins/com.st.stm32cube.ide.mcu.externaltools.gnu-tools-for-stm32.11.3.rel1.win32_1.1.0.202305231506/tools/bin/../lib/gcc/arm-none-eabi/11.3.1/../../../../arm-none-eabi/lib/thumb/v7e-m+fp/hard\libc_nano.a
LOAD C:/ST/STM32CubeIDE_1.13.0/STM32CubeIDE/plugins/com.st.stm32cube.ide.mcu.externaltools.gnu-tools-for-stm32.11.3.rel1.win32_1.1.0.202305231506/tools/bin/../lib/gcc/arm-none-eabi/11.3.1/../../../../arm-none-eabi/lib/thumb/v7e-m+fp/hard\libnosys.a
END GROUP
LOAD C:/ST/STM32CubeIDE_1.13.0/STM32CubeIDE/plugins/com.st.stm32cube.ide.mcu.externaltools.gnu-tools-for-stm32.11.3.rel1.win32_1.1.0.202305231506/tools/bin/../lib/gcc/arm-none-eabi/11.3.1/thumb/v7e-m+fp/hard/crtend.o
LOAD C:/ST/STM32CubeIDE_1.13.0/STM32CubeIDE/plugins/com.st.stm32cube.ide.mcu.externaltools.gnu-tools-for-stm32.11.3.rel1.win32_1.1.0.202305231506/tools/bin/../lib/gcc/arm-none-eabi/11.3.1/thumb/v7e-m+fp/hard/crtn.o
                0x0000000020010000                _estack = (ORIGIN (RAM) + LENGTH (RAM))
                0x0000000000000200                _Min_Heap_Size = 0x200
                0x0000000000000400                _Min_Stack_Size = 0x400

.isr_vector     0x0000000008000000      0x18c
                0x0000000008000000                . = ALIGN (0x4)
 *(.isr_vector)
 .isr_vector    0x0000000008000000      0x18c ./Core/Startup/startup_stm32l432kcux.o
                0x0000000008000000                g_pfnVectors
                0x000000000800018c                . = ALIGN (0x4)

.text           0x0000000008000190     0xe6c0
                0x0000000008000190                . = ALIGN (0x4)
 *(.text)
 .text          0x0000000008000190       0x40 C:/ST/STM32CubeIDE_1.13.0/STM32CubeIDE/plugins/com.st.stm32cube.ide.mcu.externaltools.gnu-tools-for-stm32.11.3.rel1.win32_1.1.0.202305231506/tools/bin/../lib/gcc/arm-none-eabi/11.3.1/thumb/v7e-m+fp/hard/crtbegin.o
 .text          0x00000000080001d0       0xa0 C:/ST/STM32CubeIDE_1.13.0/STM32CubeIDE/plugins/com.st.stm32cube.ide.mcu.externaltools.gnu-tools-for-stm32.11.3.rel1.win32_1.1.0.202305231506/tools/bin/../lib/gcc/arm-none-eabi/11.3.1/../../../../arm-none-eabi/lib/thumb/v7e-m+fp/hard\libc_nano.a(libc_a-memchr.o)
                0x00000000080001d0                memchr
 .text          0x0000000008000270       0x10 C:/ST/STM32CubeIDE_1.13.0/STM32CubeIDE/plugins/com.st.stm32cube.ide.mcu.externaltools.gnu-tools-for-stm32.11.3.rel1.win32_1.1.0.202305231506/tools/bin/../lib/gcc/arm-none-eabi/11.3.1/../../../../arm-none-eabi/lib/thumb/v7e-m+fp/hard\libc_nano.a(libc_a-strlen.o)
                0x0000000008000270                strlen
 .text          0x0000000008000280       0x30 C:/ST/STM32CubeIDE_1.13.0/STM32CubeIDE/plugins/com.st.stm32cube.ide.mcu.externaltools.gnu-tools-for-stm32.11.3.rel1.win32_1.1.0.202305231506/tools/bin/../lib/gcc/arm-none-eabi/11.3.1/thumb/v7e-m+fp/hard\libgcc.a(_aeabi_uldivmod.o)
                0x0000000008000280                __aeabi_uldivmod
 .text          0x00000000080002b0      0x2c8 C:/ST/STM32CubeIDE_1.13.0/STM32CubeIDE/plugins/com.st.stm32cube.ide.mcu.externaltools.gnu-tools-for-stm32.11.3.rel1.win32_1.1.0.202305231506/tools/bin/../lib/gcc/arm-none-eabi/11.3.1/thumb/v7e-m+fp/hard\libgcc.a(_udivmoddi4.o)
                0x00000000080002b0                __udivmoddi4
 .text          0x0000000008000578        0x4 C:/ST/STM32CubeIDE_1.13.0/STM32CubeIDE/plugins/com.st.stm32cube.ide.mcu.externaltools.gnu-tools-for-stm32.11.3.rel1.win32_1.1.0.202305231506/tools/bin/../lib/gcc/arm-none-eabi/11.3.1/thumb/v7e-m+fp/hard\libgcc.a(_dvmd_tls.o)
                0x0000000008000578                __aeabi_idiv0
                0x0000000008000578                __aeabi_ldiv0
 *(.text*)
 .text.CO_getUint8
                0x000000000800057c       0x1c ./CanOpenSTM32/CANopenNode/301/CO_Emergency.o
 .text.CO_setUint8
                0x0000000008000598       0x20 ./CanOpenSTM32/CANopenNode/301/CO_Emergency.o
 .text.CO_setUint32
                0x00000000080005b8       0x1e ./CanOpenSTM32/CANopenNode/301/CO_Emergency.o
 .text.OD_getIndex
                0x00000000080005d6       0x22 ./CanOpenSTM32/CANopenNode/301/CO_Emergency.o
 .text.OD_extension_init
                0x00000000080005f8       0x28 ./CanOpenSTM32/CANopenNode/301/CO_Emergency.o
 .text.OD_get_u32
                0x0000000008000620       0x2a ./CanOpenSTM32/CANopenNode/301/CO_Emergency.o
 .text.OD_read_1014_default
                0x000000000800064a       0x72 ./CanOpenSTM32/CANopenNode/301/CO_Emergency.o
 .text.OD_read_1003
                0x00000000080006bc       0xdc ./CanOpenSTM32/CANopenNode/301/CO_Emergency.o
 .text.OD_write_1003
                0x0000000008000798       0x60 ./CanOpenSTM32/CANopenNode/301/CO_Emergency.o
 .text.CO_EM_init
                0x00000000080007f8      0x1c0 ./CanOpenSTM32/CANopenNode/301/CO_Emergency.o
                0x00000000080007f8                CO_EM_init
 .text.CO_EM_process
                0x00000000080009b8      0x294 ./CanOpenSTM32/CANopenNode/301/CO_Emergency.o
                0x00000000080009b8                CO_EM_process
 .text.CO_error
                0x0000000008000c4c      0x17a ./CanOpenSTM32/CANopenNode/301/CO_Emergency.o
                0x0000000008000c4c                CO_error
 .text.CO_getUint32
                0x0000000008000dc6       0x1c ./CanOpenSTM32/CANopenNode/301/CO_HBconsumer.o
 .text.OD_getIndex
                0x0000000008000de2       0x22 ./CanOpenSTM32/CANopenNode/301/CO_HBconsumer.o
 .text.OD_extension_init
                0x0000000008000e04       0x28 ./CanOpenSTM32/CANopenNode/301/CO_HBconsumer.o
 .text.OD_get_u32
                0x0000000008000e2c       0x2a ./CanOpenSTM32/CANopenNode/301/CO_HBconsumer.o
 .text.CO_HBcons_receive
                0x0000000008000e56       0x3c ./CanOpenSTM32/CANopenNode/301/CO_HBconsumer.o
 .text.OD_write_1016
                0x0000000008000e92       0x8e ./CanOpenSTM32/CANopenNode/301/CO_HBconsumer.o
 .text.CO_HBconsumer_init
                0x0000000008000f20      0x158 ./CanOpenSTM32/CANopenNode/301/CO_HBconsumer.o
                0x0000000008000f20                CO_HBconsumer_init
 .text.CO_HBconsumer_initEntry
                0x0000000008001078      0x130 ./CanOpenSTM32/CANopenNode/301/CO_HBconsumer.o
 .text.CO_HBconsumer_process
                0x00000000080011a8      0x1aa ./CanOpenSTM32/CANopenNode/301/CO_HBconsumer.o
                0x00000000080011a8                CO_HBconsumer_process
 .text.CO_getUint16
                0x0000000008001352       0x1e ./CanOpenSTM32/CANopenNode/301/CO_NMT_Heartbeat.o
 .text.OD_getIndex
                0x0000000008001370       0x22 ./CanOpenSTM32/CANopenNode/301/CO_NMT_Heartbeat.o
 .text.OD_extension_init
                0x0000000008001392       0x28 ./CanOpenSTM32/CANopenNode/301/CO_NMT_Heartbeat.o
 .text.OD_get_u16
                0x00000000080013ba       0x2a ./CanOpenSTM32/CANopenNode/301/CO_NMT_Heartbeat.o
 .text.CO_isError
                0x00000000080013e4       0x4e ./CanOpenSTM32/CANopenNode/301/CO_NMT_Heartbeat.o
 .text.CO_getErrorRegister
                0x0000000008001432       0x2c ./CanOpenSTM32/CANopenNode/301/CO_NMT_Heartbeat.o
 .text.CO_NMT_receive
                0x000000000800145e       0x4e ./CanOpenSTM32/CANopenNode/301/CO_NMT_Heartbeat.o
 .text.OD_write_1017
                0x00000000080014ac       0x6a ./CanOpenSTM32/CANopenNode/301/CO_NMT_Heartbeat.o
 *fill*         0x0000000008001516        0x2 
 .text.CO_NMT_init
                0x0000000008001518      0x17c ./CanOpenSTM32/CANopenNode/301/CO_NMT_Heartbeat.o
                0x0000000008001518                CO_NMT_init
 .text.CO_NMT_process
                0x0000000008001694      0x1dc ./CanOpenSTM32/CANopenNode/301/CO_NMT_Heartbeat.o
                0x0000000008001694                CO_NMT_process
 .text.OD_readOriginal
                0x0000000008001870       0xb0 ./CanOpenSTM32/CANopenNode/301/CO_ODinterface.o
                0x0000000008001870                OD_readOriginal
 .text.OD_writeOriginal
                0x0000000008001920       0xbc ./CanOpenSTM32/CANopenNode/301/CO_ODinterface.o
                0x0000000008001920                OD_writeOriginal
 .text.OD_readDisabled
                0x00000000080019dc       0x1c ./CanOpenSTM32/CANopenNode/301/CO_ODinterface.o
 .text.OD_writeDisabled
                0x00000000080019f8       0x1c ./CanOpenSTM32/CANopenNode/301/CO_ODinterface.o
 .text.OD_find  0x0000000008001a14       0xb8 ./CanOpenSTM32/CANopenNode/301/CO_ODinterface.o
                0x0000000008001a14                OD_find
 .text.OD_getSub
                0x0000000008001acc      0x1e4 ./CanOpenSTM32/CANopenNode/301/CO_ODinterface.o
                0x0000000008001acc                OD_getSub
 .text.OD_getSDOabCode
                0x0000000008001cb0       0x3c ./CanOpenSTM32/CANopenNode/301/CO_ODinterface.o
                0x0000000008001cb0                OD_getSDOabCode
 .text.OD_get_value
                0x0000000008001cec       0x6c ./CanOpenSTM32/CANopenNode/301/CO_ODinterface.o
                0x0000000008001cec                OD_get_value
 .text.OD_set_value
                0x0000000008001d58       0x62 ./CanOpenSTM32/CANopenNode/301/CO_ODinterface.o
                0x0000000008001d58                OD_set_value
 .text.OD_getPtr
                0x0000000008001dba       0x86 ./CanOpenSTM32/CANopenNode/301/CO_ODinterface.o
                0x0000000008001dba                OD_getPtr
 .text.CO_getUint8
                0x0000000008001e40       0x1c ./CanOpenSTM32/CANopenNode/301/CO_PDO.o
 .text.CO_getUint16
                0x0000000008001e5c       0x1e ./CanOpenSTM32/CANopenNode/301/CO_PDO.o
 .text.CO_getUint32
                0x0000000008001e7a       0x1c ./CanOpenSTM32/CANopenNode/301/CO_PDO.o
 .text.CO_setUint32
                0x0000000008001e96       0x1e ./CanOpenSTM32/CANopenNode/301/CO_PDO.o
 .text.OD_getIndex
                0x0000000008001eb4       0x22 ./CanOpenSTM32/CANopenNode/301/CO_PDO.o
 .text.OD_extension_init
                0x0000000008001ed6       0x28 ./CanOpenSTM32/CANopenNode/301/CO_PDO.o
 .text.OD_get_u8
                0x0000000008001efe       0x2a ./CanOpenSTM32/CANopenNode/301/CO_PDO.o
 .text.OD_get_u16
                0x0000000008001f28       0x2a ./CanOpenSTM32/CANopenNode/301/CO_PDO.o
 .text.OD_get_u32
                0x0000000008001f52       0x2a ./CanOpenSTM32/CANopenNode/301/CO_PDO.o
 .text.OD_write_dummy
                0x0000000008001f7c       0x28 ./CanOpenSTM32/CANopenNode/301/CO_PDO.o
 .text.OD_read_dummy
                0x0000000008001fa4       0x4e ./CanOpenSTM32/CANopenNode/301/CO_PDO.o
 *fill*         0x0000000008001ff2        0x2 
 .text.PDOconfigMap
                0x0000000008001ff4      0x180 ./CanOpenSTM32/CANopenNode/301/CO_PDO.o
 .text.PDO_initMapping
                0x0000000008002174      0x15a ./CanOpenSTM32/CANopenNode/301/CO_PDO.o
 .text.OD_write_PDO_mapping
                0x00000000080022ce      0x142 ./CanOpenSTM32/CANopenNode/301/CO_PDO.o
 .text.OD_read_PDO_commParam
                0x0000000008002410       0x9c ./CanOpenSTM32/CANopenNode/301/CO_PDO.o
 .text.CO_PDO_receive
                0x00000000080024ac       0xbc ./CanOpenSTM32/CANopenNode/301/CO_PDO.o
 .text.OD_write_14xx
                0x0000000008002568      0x23c ./CanOpenSTM32/CANopenNode/301/CO_PDO.o
 .text.CO_RPDO_init
                0x00000000080027a4      0x28c ./CanOpenSTM32/CANopenNode/301/CO_PDO.o
                0x00000000080027a4                CO_RPDO_init
 .text.CO_RPDO_process
                0x0000000008002a30      0x266 ./CanOpenSTM32/CANopenNode/301/CO_PDO.o
                0x0000000008002a30                CO_RPDO_process
 *fill*         0x0000000008002c96        0x2 
 .text.OD_write_18xx
                0x0000000008002c98      0x2a4 ./CanOpenSTM32/CANopenNode/301/CO_PDO.o
 .text.CO_TPDO_init
                0x0000000008002f3c      0x2f4 ./CanOpenSTM32/CANopenNode/301/CO_PDO.o
                0x0000000008002f3c                CO_TPDO_init
 .text.CO_TPDOsend
                0x0000000008003230      0x148 ./CanOpenSTM32/CANopenNode/301/CO_PDO.o
 .text.CO_TPDO_process
                0x0000000008003378      0x204 ./CanOpenSTM32/CANopenNode/301/CO_PDO.o
                0x0000000008003378                CO_TPDO_process
 .text.CO_getUint8
                0x000000000800357c       0x1c ./CanOpenSTM32/CANopenNode/301/CO_SDOserver.o
 .text.CO_getUint32
                0x0000000008003598       0x1c ./CanOpenSTM32/CANopenNode/301/CO_SDOserver.o
 .text.OD_getIndex
                0x00000000080035b4       0x22 ./CanOpenSTM32/CANopenNode/301/CO_SDOserver.o
 .text.OD_mappable
                0x00000000080035d6       0x2c ./CanOpenSTM32/CANopenNode/301/CO_SDOserver.o
 .text.OD_extension_init
                0x0000000008003602       0x28 ./CanOpenSTM32/CANopenNode/301/CO_SDOserver.o
 .text.OD_get_u8
                0x000000000800362a       0x2a ./CanOpenSTM32/CANopenNode/301/CO_SDOserver.o
 .text.OD_get_u32
                0x0000000008003654       0x2a ./CanOpenSTM32/CANopenNode/301/CO_SDOserver.o
 .text.OD_set_u32
                0x000000000800367e       0x2a ./CanOpenSTM32/CANopenNode/301/CO_SDOserver.o
 .text.CO_SDO_receive
                0x00000000080036a8       0x54 ./CanOpenSTM32/CANopenNode/301/CO_SDOserver.o
 .text.CO_SDOserver_init_canRxTx
                0x00000000080036fc       0xd8 ./CanOpenSTM32/CANopenNode/301/CO_SDOserver.o
 .text.OD_write_1201_additional
                0x00000000080037d4      0x224 ./CanOpenSTM32/CANopenNode/301/CO_SDOserver.o
 .text.CO_SDOserver_init
                0x00000000080039f8      0x228 ./CanOpenSTM32/CANopenNode/301/CO_SDOserver.o
                0x00000000080039f8                CO_SDOserver_init
 .text.validateAndWriteToOD
                0x0000000008003c20      0x22c ./CanOpenSTM32/CANopenNode/301/CO_SDOserver.o
 .text.readFromOd
                0x0000000008003e4c      0x198 ./CanOpenSTM32/CANopenNode/301/CO_SDOserver.o
 .text.CO_SDOserver_process
                0x0000000008003fe4      0xa20 ./CanOpenSTM32/CANopenNode/301/CO_SDOserver.o
                0x0000000008003fe4                CO_SDOserver_process
 .text.CO_getUint8
                0x0000000008004a04       0x1c ./CanOpenSTM32/CANopenNode/301/CO_SYNC.o
 .text.CO_getUint32
                0x0000000008004a20       0x1c ./CanOpenSTM32/CANopenNode/301/CO_SYNC.o
 .text.OD_getIndex
                0x0000000008004a3c       0x22 ./CanOpenSTM32/CANopenNode/301/CO_SYNC.o
 .text.OD_extension_init
                0x0000000008004a5e       0x28 ./CanOpenSTM32/CANopenNode/301/CO_SYNC.o
 .text.OD_get_u8
                0x0000000008004a86       0x2a ./CanOpenSTM32/CANopenNode/301/CO_SYNC.o
 .text.OD_get_u32
                0x0000000008004ab0       0x2a ./CanOpenSTM32/CANopenNode/301/CO_SYNC.o
 .text.CO_SYNCsend
                0x0000000008004ada       0x64 ./CanOpenSTM32/CANopenNode/301/CO_SYNC.o
 .text.CO_SYNC_receive
                0x0000000008004b3e       0x8c ./CanOpenSTM32/CANopenNode/301/CO_SYNC.o
 *fill*         0x0000000008004bca        0x2 
 .text.OD_write_1005
                0x0000000008004bcc      0x18c ./CanOpenSTM32/CANopenNode/301/CO_SYNC.o
 .text.OD_write_1019
                0x0000000008004d58       0xbe ./CanOpenSTM32/CANopenNode/301/CO_SYNC.o
 *fill*         0x0000000008004e16        0x2 
 .text.CO_SYNC_init
                0x0000000008004e18      0x250 ./CanOpenSTM32/CANopenNode/301/CO_SYNC.o
                0x0000000008004e18                CO_SYNC_init
 .text.CO_SYNC_process
                0x0000000008005068      0x172 ./CanOpenSTM32/CANopenNode/301/CO_SYNC.o
                0x0000000008005068                CO_SYNC_process
 .text.CO_getUint16
                0x00000000080051da       0x1e ./CanOpenSTM32/CANopenNode/301/CO_TIME.o
 .text.CO_getUint32
                0x00000000080051f8       0x1c ./CanOpenSTM32/CANopenNode/301/CO_TIME.o
 .text.OD_getIndex
                0x0000000008005214       0x22 ./CanOpenSTM32/CANopenNode/301/CO_TIME.o
 .text.OD_extension_init
                0x0000000008005236       0x28 ./CanOpenSTM32/CANopenNode/301/CO_TIME.o
 .text.OD_get_u32
                0x000000000800525e       0x2a ./CanOpenSTM32/CANopenNode/301/CO_TIME.o
 .text.CO_TIME_receive
                0x0000000008005288       0x3a ./CanOpenSTM32/CANopenNode/301/CO_TIME.o
 *fill*         0x00000000080052c2        0x2 
 .text.OD_write_1012
                0x00000000080052c4       0xe4 ./CanOpenSTM32/CANopenNode/301/CO_TIME.o
 .text.CO_TIME_init
                0x00000000080053a8      0x100 ./CanOpenSTM32/CANopenNode/301/CO_TIME.o
                0x00000000080053a8                CO_TIME_init
 .text.CO_TIME_process
                0x00000000080054a8       0xec ./CanOpenSTM32/CANopenNode/301/CO_TIME.o
                0x00000000080054a8                CO_TIME_process
 .text.CO_LEDs_init
                0x0000000008005594       0x2e ./CanOpenSTM32/CANopenNode/303/CO_LEDs.o
                0x0000000008005594                CO_LEDs_init
 *fill*         0x00000000080055c2        0x2 
 .text.CO_LEDs_process
                0x00000000080055c4      0x360 ./CanOpenSTM32/CANopenNode/303/CO_LEDs.o
                0x00000000080055c4                CO_LEDs_process
 .text.CO_LSSslave_receive
                0x0000000008005924      0x2c0 ./CanOpenSTM32/CANopenNode/305/CO_LSSslave.o
 .text.CO_LSSslave_init
                0x0000000008005be4       0xec ./CanOpenSTM32/CANopenNode/305/CO_LSSslave.o
                0x0000000008005be4                CO_LSSslave_init
 .text.CO_LSSslave_process
                0x0000000008005cd0      0x42c ./CanOpenSTM32/CANopenNode/305/CO_LSSslave.o
                0x0000000008005cd0                CO_LSSslave_process
 .text.CO_isError
                0x00000000080060fc       0x4e ./CanOpenSTM32/CANopenNode/CANopen.o
 .text.CO_getErrorRegister
                0x000000000800614a       0x2c ./CanOpenSTM32/CANopenNode/CANopen.o
 .text.CO_NMT_getInternalState
                0x0000000008006176       0x24 ./CanOpenSTM32/CANopenNode/CANopen.o
 .text.CO_LSSslave_getState
                0x000000000800619a       0x22 ./CanOpenSTM32/CANopenNode/CANopen.o
 .text.CO_new   0x00000000080061bc      0x24e ./CanOpenSTM32/CANopenNode/CANopen.o
                0x00000000080061bc                CO_new
 .text.CO_delete
                0x000000000800640a       0xbe ./CanOpenSTM32/CANopenNode/CANopen.o
                0x000000000800640a                CO_delete
 .text.CO_CANinit
                0x00000000080064c8       0x58 ./CanOpenSTM32/CANopenNode/CANopen.o
                0x00000000080064c8                CO_CANinit
 .text.CO_LSSinit
                0x0000000008006520       0x58 ./CanOpenSTM32/CANopenNode/CANopen.o
                0x0000000008006520                CO_LSSinit
 .text.CO_CANopenInit
                0x0000000008006578      0x290 ./CanOpenSTM32/CANopenNode/CANopen.o
                0x0000000008006578                CO_CANopenInit
 .text.CO_CANopenInitPDO
                0x0000000008006808      0x1b0 ./CanOpenSTM32/CANopenNode/CANopen.o
                0x0000000008006808                CO_CANopenInitPDO
 .text.CO_process
                0x00000000080069b8      0x1ea ./CanOpenSTM32/CANopenNode/CANopen.o
                0x00000000080069b8                CO_process
 .text.CO_process_SYNC
                0x0000000008006ba2       0x80 ./CanOpenSTM32/CANopenNode/CANopen.o
                0x0000000008006ba2                CO_process_SYNC
 .text.CO_process_RPDO
                0x0000000008006c22       0x72 ./CanOpenSTM32/CANopenNode/CANopen.o
                0x0000000008006c22                CO_process_RPDO
 .text.CO_process_TPDO
                0x0000000008006c94       0x72 ./CanOpenSTM32/CANopenNode/CANopen.o
                0x0000000008006c94                CO_process_TPDO
 *fill*         0x0000000008006d06        0x2 
 .text.canopen_app_init
                0x0000000008006d08       0x68 ./CanOpenSTM32/CANopenNode_STM32/CO_app_STM32.o
                0x0000000008006d08                canopen_app_init
 .text.canopen_app_resetCommunication
                0x0000000008006d70      0x23c ./CanOpenSTM32/CANopenNode_STM32/CO_app_STM32.o
                0x0000000008006d70                canopen_app_resetCommunication
 .text.canopen_app_process
                0x0000000008006fac       0xc4 ./CanOpenSTM32/CANopenNode_STM32/CO_app_STM32.o
                0x0000000008006fac                canopen_app_process
 .text.canopen_app_interrupt
                0x0000000008007070       0x84 ./CanOpenSTM32/CANopenNode_STM32/CO_app_STM32.o
                0x0000000008007070                canopen_app_interrupt
 .text.CO_CANsetConfigurationMode
                0x00000000080070f4       0x20 ./CanOpenSTM32/CANopenNode_STM32/CO_driver_STM32.o
                0x00000000080070f4                CO_CANsetConfigurationMode
 .text.CO_CANsetNormalMode
                0x0000000008007114       0x30 ./CanOpenSTM32/CANopenNode_STM32/CO_driver_STM32.o
                0x0000000008007114                CO_CANsetNormalMode
 .text.CO_CANmodule_init
                0x0000000008007144      0x178 ./CanOpenSTM32/CANopenNode_STM32/CO_driver_STM32.o
                0x0000000008007144                CO_CANmodule_init
 .text.CO_CANmodule_disable
                0x00000000080072bc       0x2a ./CanOpenSTM32/CANopenNode_STM32/CO_driver_STM32.o
                0x00000000080072bc                CO_CANmodule_disable
 *fill*         0x00000000080072e6        0x2 
 .text.CO_CANrxBufferInit
                0x00000000080072e8       0xbc ./CanOpenSTM32/CANopenNode_STM32/CO_driver_STM32.o
                0x00000000080072e8                CO_CANrxBufferInit
 .text.CO_CANtxBufferInit
                0x00000000080073a4       0x74 ./CanOpenSTM32/CANopenNode_STM32/CO_driver_STM32.o
                0x00000000080073a4                CO_CANtxBufferInit
 .text.prv_send_can_message
                0x0000000008007418       0x80 ./CanOpenSTM32/CANopenNode_STM32/CO_driver_STM32.o
 .text.CO_CANsend
                0x0000000008007498       0x86 ./CanOpenSTM32/CANopenNode_STM32/CO_driver_STM32.o
                0x0000000008007498                CO_CANsend
 .text.CO_CANclearPendingSyncPDOs
                0x000000000800751e       0xcc ./CanOpenSTM32/CANopenNode_STM32/CO_driver_STM32.o
                0x000000000800751e                CO_CANclearPendingSyncPDOs
 .text.CO_CANmodule_process
                0x00000000080075ea       0x90 ./CanOpenSTM32/CANopenNode_STM32/CO_driver_STM32.o
                0x00000000080075ea                CO_CANmodule_process
 *fill*         0x000000000800767a        0x2 
 .text.prv_read_can_received_msg
                0x000000000800767c       0xd8 ./CanOpenSTM32/CANopenNode_STM32/CO_driver_STM32.o
 .text.HAL_CAN_RxFifo0MsgPendingCallback
                0x0000000008007754       0x1a ./CanOpenSTM32/CANopenNode_STM32/CO_driver_STM32.o
                0x0000000008007754                HAL_CAN_RxFifo0MsgPendingCallback
 .text.HAL_CAN_RxFifo1MsgPendingCallback
                0x000000000800776e       0x1a ./CanOpenSTM32/CANopenNode_STM32/CO_driver_STM32.o
                0x000000000800776e                HAL_CAN_RxFifo1MsgPendingCallback
 .text.CO_CANinterrupt_TX
                0x0000000008007788       0xa4 ./CanOpenSTM32/CANopenNode_STM32/CO_driver_STM32.o
                0x0000000008007788                CO_CANinterrupt_TX
 .text.HAL_CAN_TxMailbox0CompleteCallback
                0x000000000800782c       0x20 ./CanOpenSTM32/CANopenNode_STM32/CO_driver_STM32.o
                0x000000000800782c                HAL_CAN_TxMailbox0CompleteCallback
 .text.HAL_CAN_TxMailbox1CompleteCallback
                0x000000000800784c       0x20 ./CanOpenSTM32/CANopenNode_STM32/CO_driver_STM32.o
                0x000000000800784c                HAL_CAN_TxMailbox1CompleteCallback
 .text.HAL_CAN_TxMailbox2CompleteCallback
                0x000000000800786c       0x20 ./CanOpenSTM32/CANopenNode_STM32/CO_driver_STM32.o
                0x000000000800786c                HAL_CAN_TxMailbox2CompleteCallback
 .text.dma_printf_init
                0x000000000800788c       0x34 ./Core/Src/dma_printf.o
                0x000000000800788c                dma_printf_init
 .text.dma_printf_putc
                0x00000000080078c0       0x64 ./Core/Src/dma_printf.o
                0x00000000080078c0                dma_printf_putc
 .text.dma_printf_send_it
                0x0000000008007924       0x78 ./Core/Src/dma_printf.o
                0x0000000008007924                dma_printf_send_it
 .text.dma_ring_init
                0x000000000800799c       0x36 ./Core/Src/dma_ring.o
                0x000000000800799c                dma_ring_init
 .text.dma_ring_getc
                0x00000000080079d2       0x5e ./Core/Src/dma_ring.o
                0x00000000080079d2                dma_ring_getc
 .text.dma_ring_putc
                0x0000000008007a30       0x6a ./Core/Src/dma_ring.o
                0x0000000008007a30                dma_ring_putc
 .text.dma_ring_available
                0x0000000008007a9a       0x4e ./Core/Src/dma_ring.o
                0x0000000008007a9a                dma_ring_available
 .text.dma_ring_available_linear
                0x0000000008007ae8       0x46 ./Core/Src/dma_ring.o
                0x0000000008007ae8                dma_ring_available_linear
 .text.dma_ring_get_r_ptr
                0x0000000008007b2e       0x1a ./Core/Src/dma_ring.o
                0x0000000008007b2e                dma_ring_get_r_ptr
 .text.dma_ring_forward_r_ptr
                0x0000000008007b48       0x52 ./Core/Src/dma_ring.o
                0x0000000008007b48                dma_ring_forward_r_ptr
 .text.dma_ring_set_w_ptr
                0x0000000008007b9a       0x20 ./Core/Src/dma_ring.o
                0x0000000008007b9a                dma_ring_set_w_ptr
 *fill*         0x0000000008007bba        0x2 
 .text.dma_scanf_init
                0x0000000008007bbc       0x38 ./Core/Src/dma_scanf.o
                0x0000000008007bbc                dma_scanf_init
 .text.dma_scanf_getc_blocking
                0x0000000008007bf4       0x4c ./Core/Src/dma_scanf.o
                0x0000000008007bf4                dma_scanf_getc_blocking
 .text.log_info
                0x0000000008007c40       0x54 ./Core/Src/log.o
                0x0000000008007c40                log_info
 .text.log_error
                0x0000000008007c94       0x54 ./Core/Src/log.o
                0x0000000008007c94                log_error
 .text.HAL_TIM_PeriodElapsedCallback
                0x0000000008007ce8       0x58 ./Core/Src/main.o
                0x0000000008007ce8                HAL_TIM_PeriodElapsedCallback
 .text.__io_putchar
                0x0000000008007d40       0x1c ./Core/Src/main.o
                0x0000000008007d40                __io_putchar
 .text.__io_getchar
                0x0000000008007d5c        0xe ./Core/Src/main.o
                0x0000000008007d5c                __io_getchar
 .text.HAL_UART_RxCpltCallback
                0x0000000008007d6a       0x14 ./Core/Src/main.o
                0x0000000008007d6a                HAL_UART_RxCpltCallback
 .text.HAL_UART_TxCpltCallback
                0x0000000008007d7e       0x16 ./Core/Src/main.o
                0x0000000008007d7e                HAL_UART_TxCpltCallback
 .text.main     0x0000000008007d94       0xec ./Core/Src/main.o
                0x0000000008007d94                main
 .text.SystemClock_Config
                0x0000000008007e80       0xc0 ./Core/Src/main.o
                0x0000000008007e80                SystemClock_Config
 .text.MX_CAN1_Init
                0x0000000008007f40       0x6c ./Core/Src/main.o
 .text.MX_IWDG_Init
                0x0000000008007fac       0x3c ./Core/Src/main.o
 .text.MX_RTC_Init
                0x0000000008007fe8       0x50 ./Core/Src/main.o
 .text.MX_TIM7_Init
                0x0000000008008038       0x6c ./Core/Src/main.o
 .text.MX_USART1_UART_Init
                0x00000000080080a4       0x60 ./Core/Src/main.o
 .text.MX_USART2_UART_Init
                0x0000000008008104       0x60 ./Core/Src/main.o
 .text.MX_DMA_Init
                0x0000000008008164       0x6c ./Core/Src/main.o
 .text.MX_GPIO_Init
                0x00000000080081d0       0x94 ./Core/Src/main.o
 .text.Error_Handler
                0x0000000008008264        0xa ./Core/Src/main.o
                0x0000000008008264                Error_Handler
 *fill*         0x000000000800826e        0x2 
 .text.HAL_MspInit
                0x0000000008008270       0x48 ./Core/Src/stm32l4xx_hal_msp.o
                0x0000000008008270                HAL_MspInit
 .text.HAL_CAN_MspInit
                0x00000000080082b8       0xc8 ./Core/Src/stm32l4xx_hal_msp.o
                0x00000000080082b8                HAL_CAN_MspInit
 .text.HAL_RTC_MspInit
                0x0000000008008380       0x60 ./Core/Src/stm32l4xx_hal_msp.o
                0x0000000008008380                HAL_RTC_MspInit
 .text.HAL_TIM_Base_MspInit
                0x00000000080083e0       0x4c ./Core/Src/stm32l4xx_hal_msp.o
                0x00000000080083e0                HAL_TIM_Base_MspInit
 .text.HAL_UART_MspInit
                0x000000000800842c      0x2e0 ./Core/Src/stm32l4xx_hal_msp.o
                0x000000000800842c                HAL_UART_MspInit
 .text.NMI_Handler
                0x000000000800870c        0x6 ./Core/Src/stm32l4xx_it.o
                0x000000000800870c                NMI_Handler
 .text.HardFault_Handler
                0x0000000008008712        0x6 ./Core/Src/stm32l4xx_it.o
                0x0000000008008712                HardFault_Handler
 .text.MemManage_Handler
                0x0000000008008718        0x6 ./Core/Src/stm32l4xx_it.o
                0x0000000008008718                MemManage_Handler
 .text.BusFault_Handler
                0x000000000800871e        0x6 ./Core/Src/stm32l4xx_it.o
                0x000000000800871e                BusFault_Handler
 .text.UsageFault_Handler
                0x0000000008008724        0x6 ./Core/Src/stm32l4xx_it.o
                0x0000000008008724                UsageFault_Handler
 .text.SVC_Handler
                0x000000000800872a        0xe ./Core/Src/stm32l4xx_it.o
                0x000000000800872a                SVC_Handler
 .text.DebugMon_Handler
                0x0000000008008738        0xe ./Core/Src/stm32l4xx_it.o
                0x0000000008008738                DebugMon_Handler
 .text.PendSV_Handler
                0x0000000008008746        0xe ./Core/Src/stm32l4xx_it.o
                0x0000000008008746                PendSV_Handler
 .text.SysTick_Handler
                0x0000000008008754        0xc ./Core/Src/stm32l4xx_it.o
                0x0000000008008754                SysTick_Handler
 .text.DMA1_Channel4_IRQHandler
                0x0000000008008760       0x14 ./Core/Src/stm32l4xx_it.o
                0x0000000008008760                DMA1_Channel4_IRQHandler
 .text.DMA1_Channel5_IRQHandler
                0x0000000008008774       0x14 ./Core/Src/stm32l4xx_it.o
                0x0000000008008774                DMA1_Channel5_IRQHandler
 .text.DMA1_Channel6_IRQHandler
                0x0000000008008788       0x14 ./Core/Src/stm32l4xx_it.o
                0x0000000008008788                DMA1_Channel6_IRQHandler
 .text.DMA1_Channel7_IRQHandler
                0x000000000800879c       0x14 ./Core/Src/stm32l4xx_it.o
                0x000000000800879c                DMA1_Channel7_IRQHandler
 .text.CAN1_TX_IRQHandler
                0x00000000080087b0       0x14 ./Core/Src/stm32l4xx_it.o
                0x00000000080087b0                CAN1_TX_IRQHandler
 .text.CAN1_RX0_IRQHandler
                0x00000000080087c4       0x14 ./Core/Src/stm32l4xx_it.o
                0x00000000080087c4                CAN1_RX0_IRQHandler
 .text.CAN1_RX1_IRQHandler
                0x00000000080087d8       0x14 ./Core/Src/stm32l4xx_it.o
                0x00000000080087d8                CAN1_RX1_IRQHandler
 .text.CAN1_SCE_IRQHandler
                0x00000000080087ec       0x14 ./Core/Src/stm32l4xx_it.o
                0x00000000080087ec                CAN1_SCE_IRQHandler
 .text.USART1_IRQHandler
                0x0000000008008800       0x14 ./Core/Src/stm32l4xx_it.o
                0x0000000008008800                USART1_IRQHandler
 .text.USART2_IRQHandler
                0x0000000008008814       0x14 ./Core/Src/stm32l4xx_it.o
                0x0000000008008814                USART2_IRQHandler
 .text.TIM7_IRQHandler
                0x0000000008008828       0x14 ./Core/Src/stm32l4xx_it.o
                0x0000000008008828                TIM7_IRQHandler
 .text._read    0x000000000800883c       0x3a ./Core/Src/syscalls.o
                0x000000000800883c                _read
 .text._write   0x0000000008008876       0x38 ./Core/Src/syscalls.o
                0x0000000008008876                _write
 .text._close   0x00000000080088ae       0x18 ./Core/Src/syscalls.o
                0x00000000080088ae                _close
 .text._fstat   0x00000000080088c6       0x20 ./Core/Src/syscalls.o
                0x00000000080088c6                _fstat
 .text._isatty  0x00000000080088e6       0x16 ./Core/Src/syscalls.o
                0x00000000080088e6                _isatty
 .text._lseek   0x00000000080088fc       0x1a ./Core/Src/syscalls.o
                0x00000000080088fc                _lseek
 *fill*         0x0000000008008916        0x2 
 .text._sbrk    0x0000000008008918       0x6c ./Core/Src/sysmem.o
                0x0000000008008918                _sbrk
 .text.SystemInit
                0x0000000008008984       0x24 ./Core/Src/system_stm32l4xx.o
                0x0000000008008984                SystemInit
 .text.Reset_Handler
                0x00000000080089a8       0x50 ./Core/Startup/startup_stm32l432kcux.o
                0x00000000080089a8                Reset_Handler
 .text.Default_Handler
                0x00000000080089f8        0x2 ./Core/Startup/startup_stm32l432kcux.o
                0x00000000080089f8                RTC_Alarm_IRQHandler
                0x00000000080089f8                EXTI2_IRQHandler
                0x00000000080089f8                TIM1_CC_IRQHandler
                0x00000000080089f8                TSC_IRQHandler
                0x00000000080089f8                TAMP_STAMP_IRQHandler
                0x00000000080089f8                EXTI3_IRQHandler
                0x00000000080089f8                LPTIM2_IRQHandler
                0x00000000080089f8                I2C3_ER_IRQHandler
                0x00000000080089f8                EXTI0_IRQHandler
                0x00000000080089f8                FPU_IRQHandler
                0x00000000080089f8                TIM1_UP_TIM16_IRQHandler
                0x00000000080089f8                SPI1_IRQHandler
                0x00000000080089f8                TIM6_DAC_IRQHandler
                0x00000000080089f8                DMA2_Channel2_IRQHandler
                0x00000000080089f8                ADC1_IRQHandler
                0x00000000080089f8                DMA2_Channel1_IRQHandler
                0x00000000080089f8                QUADSPI_IRQHandler
                0x00000000080089f8                I2C1_EV_IRQHandler
                0x00000000080089f8                DMA2_Channel4_IRQHandler
                0x00000000080089f8                RCC_IRQHandler
                0x00000000080089f8                TIM1_TRG_COM_IRQHandler
                0x00000000080089f8                DMA1_Channel1_IRQHandler
                0x00000000080089f8                Default_Handler
                0x00000000080089f8                DMA2_Channel7_IRQHandler
                0x00000000080089f8                EXTI15_10_IRQHandler
                0x00000000080089f8                I2C3_EV_IRQHandler
                0x00000000080089f8                USB_IRQHandler
                0x00000000080089f8                EXTI9_5_IRQHandler
                0x00000000080089f8                RTC_WKUP_IRQHandler
                0x00000000080089f8                PVD_PVM_IRQHandler
                0x00000000080089f8                DMA2_Channel5_IRQHandler
                0x00000000080089f8                CRS_IRQHandler
                0x00000000080089f8                EXTI4_IRQHandler
                0x00000000080089f8                RNG_IRQHandler
                0x00000000080089f8                DMA1_Channel3_IRQHandler
                0x00000000080089f8                COMP_IRQHandler
                0x00000000080089f8                WWDG_IRQHandler
                0x00000000080089f8                LPUART1_IRQHandler
                0x00000000080089f8                DMA2_Channel6_IRQHandler
                0x00000000080089f8                TIM2_IRQHandler
                0x00000000080089f8                EXTI1_IRQHandler
                0x00000000080089f8                DMA1_Channel2_IRQHandler
                0x00000000080089f8                FLASH_IRQHandler
                0x00000000080089f8                SPI3_IRQHandler
                0x00000000080089f8                I2C1_ER_IRQHandler
                0x00000000080089f8                SWPMI1_IRQHandler
                0x00000000080089f8                LPTIM1_IRQHandler
                0x00000000080089f8                SAI1_IRQHandler
                0x00000000080089f8                DMA2_Channel3_IRQHandler
                0x00000000080089f8                TIM1_BRK_TIM15_IRQHandler
 .text.HAL_Init
                0x00000000080089fa       0x30 ./Drivers/STM32L4xx_HAL_Driver/Src/stm32l4xx_hal.o
                0x00000000080089fa                HAL_Init
 *fill*         0x0000000008008a2a        0x2 
 .text.HAL_InitTick
                0x0000000008008a2c       0x78 ./Drivers/STM32L4xx_HAL_Driver/Src/stm32l4xx_hal.o
                0x0000000008008a2c                HAL_InitTick
 .text.HAL_IncTick
                0x0000000008008aa4       0x28 ./Drivers/STM32L4xx_HAL_Driver/Src/stm32l4xx_hal.o
                0x0000000008008aa4                HAL_IncTick
 .text.HAL_GetTick
                0x0000000008008acc       0x18 ./Drivers/STM32L4xx_HAL_Driver/Src/stm32l4xx_hal.o
                0x0000000008008acc                HAL_GetTick
 .text.HAL_CAN_Init
                0x0000000008008ae4      0x1f6 ./Drivers/STM32L4xx_HAL_Driver/Src/stm32l4xx_hal_can.o
                0x0000000008008ae4                HAL_CAN_Init
 .text.HAL_CAN_ConfigFilter
                0x0000000008008cda      0x194 ./Drivers/STM32L4xx_HAL_Driver/Src/stm32l4xx_hal_can.o
                0x0000000008008cda                HAL_CAN_ConfigFilter
 .text.HAL_CAN_Start
                0x0000000008008e6e       0x88 ./Drivers/STM32L4xx_HAL_Driver/Src/stm32l4xx_hal_can.o
                0x0000000008008e6e                HAL_CAN_Start
 .text.HAL_CAN_Stop
                0x0000000008008ef6       0x92 ./Drivers/STM32L4xx_HAL_Driver/Src/stm32l4xx_hal_can.o
                0x0000000008008ef6                HAL_CAN_Stop
 .text.HAL_CAN_AddTxMessage
                0x0000000008008f88      0x1a0 ./Drivers/STM32L4xx_HAL_Driver/Src/stm32l4xx_hal_can.o
                0x0000000008008f88                HAL_CAN_AddTxMessage
 .text.HAL_CAN_GetTxMailboxesFreeLevel
                0x0000000008009128       0x6a ./Drivers/STM32L4xx_HAL_Driver/Src/stm32l4xx_hal_can.o
                0x0000000008009128                HAL_CAN_GetTxMailboxesFreeLevel
 .text.HAL_CAN_GetRxMessage
                0x0000000008009192      0x244 ./Drivers/STM32L4xx_HAL_Driver/Src/stm32l4xx_hal_can.o
                0x0000000008009192                HAL_CAN_GetRxMessage
 .text.HAL_CAN_ActivateNotification
                0x00000000080093d6       0x4c ./Drivers/STM32L4xx_HAL_Driver/Src/stm32l4xx_hal_can.o
                0x00000000080093d6                HAL_CAN_ActivateNotification
 .text.HAL_CAN_IRQHandler
                0x0000000008009422      0x36e ./Drivers/STM32L4xx_HAL_Driver/Src/stm32l4xx_hal_can.o
                0x0000000008009422                HAL_CAN_IRQHandler
 .text.HAL_CAN_TxMailbox0AbortCallback
                0x0000000008009790       0x14 ./Drivers/STM32L4xx_HAL_Driver/Src/stm32l4xx_hal_can.o
                0x0000000008009790                HAL_CAN_TxMailbox0AbortCallback
 .text.HAL_CAN_TxMailbox1AbortCallback
                0x00000000080097a4       0x14 ./Drivers/STM32L4xx_HAL_Driver/Src/stm32l4xx_hal_can.o
                0x00000000080097a4                HAL_CAN_TxMailbox1AbortCallback
 .text.HAL_CAN_TxMailbox2AbortCallback
                0x00000000080097b8       0x14 ./Drivers/STM32L4xx_HAL_Driver/Src/stm32l4xx_hal_can.o
                0x00000000080097b8                HAL_CAN_TxMailbox2AbortCallback
 .text.HAL_CAN_RxFifo0FullCallback
                0x00000000080097cc       0x14 ./Drivers/STM32L4xx_HAL_Driver/Src/stm32l4xx_hal_can.o
                0x00000000080097cc                HAL_CAN_RxFifo0FullCallback
 .text.HAL_CAN_RxFifo1FullCallback
                0x00000000080097e0       0x14 ./Drivers/STM32L4xx_HAL_Driver/Src/stm32l4xx_hal_can.o
                0x00000000080097e0                HAL_CAN_RxFifo1FullCallback
 .text.HAL_CAN_SleepCallback
                0x00000000080097f4       0x14 ./Drivers/STM32L4xx_HAL_Driver/Src/stm32l4xx_hal_can.o
                0x00000000080097f4                HAL_CAN_SleepCallback
 .text.HAL_CAN_WakeUpFromRxMsgCallback
                0x0000000008009808       0x14 ./Drivers/STM32L4xx_HAL_Driver/Src/stm32l4xx_hal_can.o
                0x0000000008009808                HAL_CAN_WakeUpFromRxMsgCallback
 .text.HAL_CAN_ErrorCallback
                0x000000000800981c       0x14 ./Drivers/STM32L4xx_HAL_Driver/Src/stm32l4xx_hal_can.o
                0x000000000800981c                HAL_CAN_ErrorCallback
 .text.__NVIC_SetPriorityGrouping
                0x0000000008009830       0x48 ./Drivers/STM32L4xx_HAL_Driver/Src/stm32l4xx_hal_cortex.o
 .text.__NVIC_GetPriorityGrouping
                0x0000000008009878       0x1c ./Drivers/STM32L4xx_HAL_Driver/Src/stm32l4xx_hal_cortex.o
 .text.__NVIC_EnableIRQ
                0x0000000008009894       0x3c ./Drivers/STM32L4xx_HAL_Driver/Src/stm32l4xx_hal_cortex.o
 .text.__NVIC_SetPriority
                0x00000000080098d0       0x54 ./Drivers/STM32L4xx_HAL_Driver/Src/stm32l4xx_hal_cortex.o
 .text.NVIC_EncodePriority
                0x0000000008009924       0x66 ./Drivers/STM32L4xx_HAL_Driver/Src/stm32l4xx_hal_cortex.o
 *fill*         0x000000000800998a        0x2 
 .text.__NVIC_SystemReset
                0x000000000800998c       0x2c ./Drivers/STM32L4xx_HAL_Driver/Src/stm32l4xx_hal_cortex.o
 .text.SysTick_Config
                0x00000000080099b8       0x44 ./Drivers/STM32L4xx_HAL_Driver/Src/stm32l4xx_hal_cortex.o
 .text.HAL_NVIC_SetPriorityGrouping
                0x00000000080099fc       0x16 ./Drivers/STM32L4xx_HAL_Driver/Src/stm32l4xx_hal_cortex.o
                0x00000000080099fc                HAL_NVIC_SetPriorityGrouping
 .text.HAL_NVIC_SetPriority
                0x0000000008009a12       0x38 ./Drivers/STM32L4xx_HAL_Driver/Src/stm32l4xx_hal_cortex.o
                0x0000000008009a12                HAL_NVIC_SetPriority
 .text.HAL_NVIC_EnableIRQ
                0x0000000008009a4a       0x1c ./Drivers/STM32L4xx_HAL_Driver/Src/stm32l4xx_hal_cortex.o
                0x0000000008009a4a                HAL_NVIC_EnableIRQ
 .text.HAL_NVIC_SystemReset
                0x0000000008009a66        0x8 ./Drivers/STM32L4xx_HAL_Driver/Src/stm32l4xx_hal_cortex.o
                0x0000000008009a66                HAL_NVIC_SystemReset
 .text.HAL_SYSTICK_Config
                0x0000000008009a6e       0x18 ./Drivers/STM32L4xx_HAL_Driver/Src/stm32l4xx_hal_cortex.o
                0x0000000008009a6e                HAL_SYSTICK_Config
 *fill*         0x0000000008009a86        0x2 
 .text.HAL_DMA_Init
                0x0000000008009a88      0x170 ./Drivers/STM32L4xx_HAL_Driver/Src/stm32l4xx_hal_dma.o
                0x0000000008009a88                HAL_DMA_Init
 .text.HAL_DMA_Start_IT
                0x0000000008009bf8       0xc0 ./Drivers/STM32L4xx_HAL_Driver/Src/stm32l4xx_hal_dma.o
                0x0000000008009bf8                HAL_DMA_Start_IT
 .text.HAL_DMA_Abort
                0x0000000008009cb8       0x7c ./Drivers/STM32L4xx_HAL_Driver/Src/stm32l4xx_hal_dma.o
                0x0000000008009cb8                HAL_DMA_Abort
 .text.HAL_DMA_Abort_IT
                0x0000000008009d34       0x82 ./Drivers/STM32L4xx_HAL_Driver/Src/stm32l4xx_hal_dma.o
                0x0000000008009d34                HAL_DMA_Abort_IT
 .text.HAL_DMA_IRQHandler
                0x0000000008009db6      0x15e ./Drivers/STM32L4xx_HAL_Driver/Src/stm32l4xx_hal_dma.o
                0x0000000008009db6                HAL_DMA_IRQHandler
 .text.DMA_SetConfig
                0x0000000008009f14       0x60 ./Drivers/STM32L4xx_HAL_Driver/Src/stm32l4xx_hal_dma.o
 .text.HAL_GPIO_Init
                0x0000000008009f74      0x2d4 ./Drivers/STM32L4xx_HAL_Driver/Src/stm32l4xx_hal_gpio.o
                0x0000000008009f74                HAL_GPIO_Init
 .text.HAL_GPIO_WritePin
                0x000000000800a248       0x30 ./Drivers/STM32L4xx_HAL_Driver/Src/stm32l4xx_hal_gpio.o
                0x000000000800a248                HAL_GPIO_WritePin
 .text.HAL_GPIO_TogglePin
                0x000000000800a278       0x34 ./Drivers/STM32L4xx_HAL_Driver/Src/stm32l4xx_hal_gpio.o
                0x000000000800a278                HAL_GPIO_TogglePin
 .text.HAL_IWDG_Init
                0x000000000800a2ac       0x9e ./Drivers/STM32L4xx_HAL_Driver/Src/stm32l4xx_hal_iwdg.o
                0x000000000800a2ac                HAL_IWDG_Init
 .text.HAL_IWDG_Refresh
                0x000000000800a34a       0x20 ./Drivers/STM32L4xx_HAL_Driver/Src/stm32l4xx_hal_iwdg.o
                0x000000000800a34a                HAL_IWDG_Refresh
 *fill*         0x000000000800a36a        0x2 
 .text.HAL_PWR_EnableBkUpAccess
                0x000000000800a36c       0x20 ./Drivers/STM32L4xx_HAL_Driver/Src/stm32l4xx_hal_pwr.o
                0x000000000800a36c                HAL_PWR_EnableBkUpAccess
 .text.HAL_PWREx_GetVoltageRange
                0x000000000800a38c       0x1c ./Drivers/STM32L4xx_HAL_Driver/Src/stm32l4xx_hal_pwr_ex.o
                0x000000000800a38c                HAL_PWREx_GetVoltageRange
 .text.HAL_PWREx_ControlVoltageScaling
                0x000000000800a3a8       0xac ./Drivers/STM32L4xx_HAL_Driver/Src/stm32l4xx_hal_pwr_ex.o
                0x000000000800a3a8                HAL_PWREx_ControlVoltageScaling
 .text.HAL_RCC_OscConfig
                0x000000000800a454      0x828 ./Drivers/STM32L4xx_HAL_Driver/Src/stm32l4xx_hal_rcc.o
                0x000000000800a454                HAL_RCC_OscConfig
 .text.HAL_RCC_ClockConfig
                0x000000000800ac7c      0x200 ./Drivers/STM32L4xx_HAL_Driver/Src/stm32l4xx_hal_rcc.o
                0x000000000800ac7c                HAL_RCC_ClockConfig
 .text.HAL_RCC_GetSysClockFreq
                0x000000000800ae7c      0x118 ./Drivers/STM32L4xx_HAL_Driver/Src/stm32l4xx_hal_rcc.o
                0x000000000800ae7c                HAL_RCC_GetSysClockFreq
 .text.HAL_RCC_GetHCLKFreq
                0x000000000800af94       0x18 ./Drivers/STM32L4xx_HAL_Driver/Src/stm32l4xx_hal_rcc.o
                0x000000000800af94                HAL_RCC_GetHCLKFreq
 .text.HAL_RCC_GetPCLK1Freq
                0x000000000800afac       0x2c ./Drivers/STM32L4xx_HAL_Driver/Src/stm32l4xx_hal_rcc.o
                0x000000000800afac                HAL_RCC_GetPCLK1Freq
 .text.HAL_RCC_GetPCLK2Freq
                0x000000000800afd8       0x2c ./Drivers/STM32L4xx_HAL_Driver/Src/stm32l4xx_hal_rcc.o
                0x000000000800afd8                HAL_RCC_GetPCLK2Freq
 .text.RCC_SetFlashLatencyFromMSIRange
                0x000000000800b004       0xc0 ./Drivers/STM32L4xx_HAL_Driver/Src/stm32l4xx_hal_rcc.o
 .text.HAL_RCCEx_PeriphCLKConfig
                0x000000000800b0c4      0x3ec ./Drivers/STM32L4xx_HAL_Driver/Src/stm32l4xx_hal_rcc_ex.o
                0x000000000800b0c4                HAL_RCCEx_PeriphCLKConfig
 .text.RCCEx_PLLSAI1_Config
                0x000000000800b4b0      0x1e4 ./Drivers/STM32L4xx_HAL_Driver/Src/stm32l4xx_hal_rcc_ex.o
 .text.HAL_RTC_Init
                0x000000000800b694      0x110 ./Drivers/STM32L4xx_HAL_Driver/Src/stm32l4xx_hal_rtc.o
                0x000000000800b694                HAL_RTC_Init
 .text.HAL_RTC_WaitForSynchro
                0x000000000800b7a4       0x48 ./Drivers/STM32L4xx_HAL_Driver/Src/stm32l4xx_hal_rtc.o
                0x000000000800b7a4                HAL_RTC_WaitForSynchro
 .text.RTC_EnterInitMode
                0x000000000800b7ec       0x66 ./Drivers/STM32L4xx_HAL_Driver/Src/stm32l4xx_hal_rtc.o
                0x000000000800b7ec                RTC_EnterInitMode
 *fill*         0x000000000800b852        0x2 
 .text.RTC_ExitInitMode
                0x000000000800b854       0x7c ./Drivers/STM32L4xx_HAL_Driver/Src/stm32l4xx_hal_rtc.o
                0x000000000800b854                RTC_ExitInitMode
 .text.HAL_TIM_Base_Init
                0x000000000800b8d0       0xc8 ./Drivers/STM32L4xx_HAL_Driver/Src/stm32l4xx_hal_tim.o
                0x000000000800b8d0                HAL_TIM_Base_Init
 .text.HAL_TIM_Base_Start_IT
                0x000000000800b998       0xa8 ./Drivers/STM32L4xx_HAL_Driver/Src/stm32l4xx_hal_tim.o
                0x000000000800b998                HAL_TIM_Base_Start_IT
 .text.HAL_TIM_IRQHandler
                0x000000000800ba40      0x248 ./Drivers/STM32L4xx_HAL_Driver/Src/stm32l4xx_hal_tim.o
                0x000000000800ba40                HAL_TIM_IRQHandler
 .text.HAL_TIM_PeriodElapsedHalfCpltCallback
                0x000000000800bc88       0x14 ./Drivers/STM32L4xx_HAL_Driver/Src/stm32l4xx_hal_tim.o
                0x000000000800bc88                HAL_TIM_PeriodElapsedHalfCpltCallback
 .text.HAL_TIM_OC_DelayElapsedCallback
                0x000000000800bc9c       0x14 ./Drivers/STM32L4xx_HAL_Driver/Src/stm32l4xx_hal_tim.o
                0x000000000800bc9c                HAL_TIM_OC_DelayElapsedCallback
 .text.HAL_TIM_IC_CaptureCallback
                0x000000000800bcb0       0x14 ./Drivers/STM32L4xx_HAL_Driver/Src/stm32l4xx_hal_tim.o
                0x000000000800bcb0                HAL_TIM_IC_CaptureCallback
 .text.HAL_TIM_IC_CaptureHalfCpltCallback
                0x000000000800bcc4       0x14 ./Drivers/STM32L4xx_HAL_Driver/Src/stm32l4xx_hal_tim.o
                0x000000000800bcc4                HAL_TIM_IC_CaptureHalfCpltCallback
 .text.HAL_TIM_PWM_PulseFinishedCallback
                0x000000000800bcd8       0x14 ./Drivers/STM32L4xx_HAL_Driver/Src/stm32l4xx_hal_tim.o
                0x000000000800bcd8                HAL_TIM_PWM_PulseFinishedCallback
 .text.HAL_TIM_PWM_PulseFinishedHalfCpltCallback
                0x000000000800bcec       0x14 ./Drivers/STM32L4xx_HAL_Driver/Src/stm32l4xx_hal_tim.o
                0x000000000800bcec                HAL_TIM_PWM_PulseFinishedHalfCpltCallback
 .text.HAL_TIM_TriggerCallback
                0x000000000800bd00       0x14 ./Drivers/STM32L4xx_HAL_Driver/Src/stm32l4xx_hal_tim.o
                0x000000000800bd00                HAL_TIM_TriggerCallback
 .text.HAL_TIM_TriggerHalfCpltCallback
                0x000000000800bd14       0x14 ./Drivers/STM32L4xx_HAL_Driver/Src/stm32l4xx_hal_tim.o
                0x000000000800bd14                HAL_TIM_TriggerHalfCpltCallback
 .text.HAL_TIM_ErrorCallback
                0x000000000800bd28       0x14 ./Drivers/STM32L4xx_HAL_Driver/Src/stm32l4xx_hal_tim.o
                0x000000000800bd28                HAL_TIM_ErrorCallback
 .text.TIM_Base_SetConfig
                0x000000000800bd3c       0xc8 ./Drivers/STM32L4xx_HAL_Driver/Src/stm32l4xx_hal_tim.o
                0x000000000800bd3c                TIM_Base_SetConfig
 .text.TIM_ResetCallback
                0x000000000800be04       0xbc ./Drivers/STM32L4xx_HAL_Driver/Src/stm32l4xx_hal_tim.o
                0x000000000800be04                TIM_ResetCallback
 .text.HAL_TIMEx_MasterConfigSynchronization
                0x000000000800bec0       0xcc ./Drivers/STM32L4xx_HAL_Driver/Src/stm32l4xx_hal_tim_ex.o
                0x000000000800bec0                HAL_TIMEx_MasterConfigSynchronization
 .text.HAL_TIMEx_CommutCallback
                0x000000000800bf8c       0x14 ./Drivers/STM32L4xx_HAL_Driver/Src/stm32l4xx_hal_tim_ex.o
                0x000000000800bf8c                HAL_TIMEx_CommutCallback
 .text.HAL_TIMEx_CommutHalfCpltCallback
                0x000000000800bfa0       0x14 ./Drivers/STM32L4xx_HAL_Driver/Src/stm32l4xx_hal_tim_ex.o
                0x000000000800bfa0                HAL_TIMEx_CommutHalfCpltCallback
 .text.HAL_TIMEx_BreakCallback
                0x000000000800bfb4       0x14 ./Drivers/STM32L4xx_HAL_Driver/Src/stm32l4xx_hal_tim_ex.o
                0x000000000800bfb4                HAL_TIMEx_BreakCallback
 .text.HAL_TIMEx_Break2Callback
                0x000000000800bfc8       0x14 ./Drivers/STM32L4xx_HAL_Driver/Src/stm32l4xx_hal_tim_ex.o
                0x000000000800bfc8                HAL_TIMEx_Break2Callback
 .text.HAL_UART_Init
                0x000000000800bfdc       0x9c ./Drivers/STM32L4xx_HAL_Driver/Src/stm32l4xx_hal_uart.o
                0x000000000800bfdc                HAL_UART_Init
 .text.HAL_UART_Transmit_DMA
                0x000000000800c078       0xf8 ./Drivers/STM32L4xx_HAL_Driver/Src/stm32l4xx_hal_uart.o
                0x000000000800c078                HAL_UART_Transmit_DMA
 .text.HAL_UART_Receive_DMA
                0x000000000800c170       0x98 ./Drivers/STM32L4xx_HAL_Driver/Src/stm32l4xx_hal_uart.o
                0x000000000800c170                HAL_UART_Receive_DMA
 .text.HAL_UART_IRQHandler
                0x000000000800c208      0x5d4 ./Drivers/STM32L4xx_HAL_Driver/Src/stm32l4xx_hal_uart.o
                0x000000000800c208                HAL_UART_IRQHandler
 .text.HAL_UART_TxHalfCpltCallback
                0x000000000800c7dc       0x14 ./Drivers/STM32L4xx_HAL_Driver/Src/stm32l4xx_hal_uart.o
                0x000000000800c7dc                HAL_UART_TxHalfCpltCallback
 .text.HAL_UART_RxHalfCpltCallback
                0x000000000800c7f0       0x14 ./Drivers/STM32L4xx_HAL_Driver/Src/stm32l4xx_hal_uart.o
                0x000000000800c7f0                HAL_UART_RxHalfCpltCallback
 .text.HAL_UART_ErrorCallback
                0x000000000800c804       0x14 ./Drivers/STM32L4xx_HAL_Driver/Src/stm32l4xx_hal_uart.o
                0x000000000800c804                HAL_UART_ErrorCallback
 .text.HAL_UARTEx_RxEventCallback
                0x000000000800c818       0x18 ./Drivers/STM32L4xx_HAL_Driver/Src/stm32l4xx_hal_uart.o
                0x000000000800c818                HAL_UARTEx_RxEventCallback
 .text.UART_SetConfig
                0x000000000800c830      0x458 ./Drivers/STM32L4xx_HAL_Driver/Src/stm32l4xx_hal_uart.o
                0x000000000800c830                UART_SetConfig
 .text.UART_AdvFeatureConfig
                0x000000000800cc88      0x144 ./Drivers/STM32L4xx_HAL_Driver/Src/stm32l4xx_hal_uart.o
                0x000000000800cc88                UART_AdvFeatureConfig
 .text.UART_CheckIdleState
                0x000000000800cdcc      0x150 ./Drivers/STM32L4xx_HAL_Driver/Src/stm32l4xx_hal_uart.o
                0x000000000800cdcc                UART_CheckIdleState
 .text.UART_WaitOnFlagUntilTimeout
                0x000000000800cf1c       0xce ./Drivers/STM32L4xx_HAL_Driver/Src/stm32l4xx_hal_uart.o
                0x000000000800cf1c                UART_WaitOnFlagUntilTimeout
 *fill*         0x000000000800cfea        0x2 
 .text.UART_Start_Receive_DMA
                0x000000000800cfec      0x140 ./Drivers/STM32L4xx_HAL_Driver/Src/stm32l4xx_hal_uart.o
                0x000000000800cfec                UART_Start_Receive_DMA
 .text.UART_EndTxTransfer
                0x000000000800d12c       0x4c ./Drivers/STM32L4xx_HAL_Driver/Src/stm32l4xx_hal_uart.o
 .text.UART_EndRxTransfer
                0x000000000800d178       0xc8 ./Drivers/STM32L4xx_HAL_Driver/Src/stm32l4xx_hal_uart.o
 .text.UART_DMATransmitCplt
                0x000000000800d240       0x9a ./Drivers/STM32L4xx_HAL_Driver/Src/stm32l4xx_hal_uart.o
 .text.UART_DMATxHalfCplt
                0x000000000800d2da       0x1c ./Drivers/STM32L4xx_HAL_Driver/Src/stm32l4xx_hal_uart.o
 .text.UART_DMAReceiveCplt
                0x000000000800d2f6      0x12c ./Drivers/STM32L4xx_HAL_Driver/Src/stm32l4xx_hal_uart.o
 .text.UART_DMARxHalfCplt
                0x000000000800d422       0x3e ./Drivers/STM32L4xx_HAL_Driver/Src/stm32l4xx_hal_uart.o
 .text.UART_DMAError
                0x000000000800d460       0x7e ./Drivers/STM32L4xx_HAL_Driver/Src/stm32l4xx_hal_uart.o
 .text.UART_DMAAbortOnError
                0x000000000800d4de       0x2c ./Drivers/STM32L4xx_HAL_Driver/Src/stm32l4xx_hal_uart.o
 .text.UART_EndTransmit_IT
                0x000000000800d50a       0x54 ./Drivers/STM32L4xx_HAL_Driver/Src/stm32l4xx_hal_uart.o
 .text.HAL_UARTEx_WakeupCallback
                0x000000000800d55e       0x14 ./Drivers/STM32L4xx_HAL_Driver/Src/stm32l4xx_hal_uart_ex.o
                0x000000000800d55e                HAL_UARTEx_WakeupCallback
 *fill*         0x000000000800d572        0x2 
 .text.calloc   0x000000000800d574       0x10 C:/ST/STM32CubeIDE_1.13.0/STM32CubeIDE/plugins/com.st.stm32cube.ide.mcu.externaltools.gnu-tools-for-stm32.11.3.rel1.win32_1.1.0.202305231506/tools/bin/../lib/gcc/arm-none-eabi/11.3.1/../../../../arm-none-eabi/lib/thumb/v7e-m+fp/hard\libc_nano.a(libc_a-calloc.o)
                0x000000000800d574                calloc
 .text._calloc_r
                0x000000000800d584       0x2c C:/ST/STM32CubeIDE_1.13.0/STM32CubeIDE/plugins/com.st.stm32cube.ide.mcu.externaltools.gnu-tools-for-stm32.11.3.rel1.win32_1.1.0.202305231506/tools/bin/../lib/gcc/arm-none-eabi/11.3.1/../../../../arm-none-eabi/lib/thumb/v7e-m+fp/hard\libc_nano.a(libc_a-callocr.o)
                0x000000000800d584                _calloc_r
 .text.malloc   0x000000000800d5b0       0x10 C:/ST/STM32CubeIDE_1.13.0/STM32CubeIDE/plugins/com.st.stm32cube.ide.mcu.externaltools.gnu-tools-for-stm32.11.3.rel1.win32_1.1.0.202305231506/tools/bin/../lib/gcc/arm-none-eabi/11.3.1/../../../../arm-none-eabi/lib/thumb/v7e-m+fp/hard\libc_nano.a(libc_a-malloc.o)
                0x000000000800d5b0                malloc
 .text.free     0x000000000800d5c0       0x10 C:/ST/STM32CubeIDE_1.13.0/STM32CubeIDE/plugins/com.st.stm32cube.ide.mcu.externaltools.gnu-tools-for-stm32.11.3.rel1.win32_1.1.0.202305231506/tools/bin/../lib/gcc/arm-none-eabi/11.3.1/../../../../arm-none-eabi/lib/thumb/v7e-m+fp/hard\libc_nano.a(libc_a-malloc.o)
                0x000000000800d5c0                free
 .text.sbrk_aligned
                0x000000000800d5d0       0x40 C:/ST/STM32CubeIDE_1.13.0/STM32CubeIDE/plugins/com.st.stm32cube.ide.mcu.externaltools.gnu-tools-for-stm32.11.3.rel1.win32_1.1.0.202305231506/tools/bin/../lib/gcc/arm-none-eabi/11.3.1/../../../../arm-none-eabi/lib/thumb/v7e-m+fp/hard\libc_nano.a(libc_a-mallocr.o)
 .text._malloc_r
                0x000000000800d610      0x100 C:/ST/STM32CubeIDE_1.13.0/STM32CubeIDE/plugins/com.st.stm32cube.ide.mcu.externaltools.gnu-tools-for-stm32.11.3.rel1.win32_1.1.0.202305231506/tools/bin/../lib/gcc/arm-none-eabi/11.3.1/../../../../arm-none-eabi/lib/thumb/v7e-m+fp/hard\libc_nano.a(libc_a-mallocr.o)
                0x000000000800d610                _malloc_r
 .text.__malloc_lock
                0x000000000800d710        0xc C:/ST/STM32CubeIDE_1.13.0/STM32CubeIDE/plugins/com.st.stm32cube.ide.mcu.externaltools.gnu-tools-for-stm32.11.3.rel1.win32_1.1.0.202305231506/tools/bin/../lib/gcc/arm-none-eabi/11.3.1/../../../../arm-none-eabi/lib/thumb/v7e-m+fp/hard\libc_nano.a(libc_a-mlock.o)
                0x000000000800d710                __malloc_lock
 .text.__malloc_unlock
                0x000000000800d71c        0xc C:/ST/STM32CubeIDE_1.13.0/STM32CubeIDE/plugins/com.st.stm32cube.ide.mcu.externaltools.gnu-tools-for-stm32.11.3.rel1.win32_1.1.0.202305231506/tools/bin/../lib/gcc/arm-none-eabi/11.3.1/../../../../arm-none-eabi/lib/thumb/v7e-m+fp/hard\libc_nano.a(libc_a-mlock.o)
                0x000000000800d71c                __malloc_unlock
 .text.__sfputc_r
                0x000000000800d728       0x2e C:/ST/STM32CubeIDE_1.13.0/STM32CubeIDE/plugins/com.st.stm32cube.ide.mcu.externaltools.gnu-tools-for-stm32.11.3.rel1.win32_1.1.0.202305231506/tools/bin/../lib/gcc/arm-none-eabi/11.3.1/../../../../arm-none-eabi/lib/thumb/v7e-m+fp/hard\libc_nano.a(libc_a-nano-vfprintf.o)
 .text.__sfputs_r
                0x000000000800d756       0x24 C:/ST/STM32CubeIDE_1.13.0/STM32CubeIDE/plugins/com.st.stm32cube.ide.mcu.externaltools.gnu-tools-for-stm32.11.3.rel1.win32_1.1.0.202305231506/tools/bin/../lib/gcc/arm-none-eabi/11.3.1/../../../../arm-none-eabi/lib/thumb/v7e-m+fp/hard\libc_nano.a(libc_a-nano-vfprintf.o)
                0x000000000800d756                __sfputs_r
 *fill*         0x000000000800d77a        0x2 
 .text._vfprintf_r
                0x000000000800d77c      0x234 C:/ST/STM32CubeIDE_1.13.0/STM32CubeIDE/plugins/com.st.stm32cube.ide.mcu.externaltools.gnu-tools-for-stm32.11.3.rel1.win32_1.1.0.202305231506/tools/bin/../lib/gcc/arm-none-eabi/11.3.1/../../../../arm-none-eabi/lib/thumb/v7e-m+fp/hard\libc_nano.a(libc_a-nano-vfprintf.o)
                0x000000000800d77c                _vfprintf_r
                0x000000000800d77c                _vfiprintf_r
 .text.vfprintf
                0x000000000800d9b0       0x14 C:/ST/STM32CubeIDE_1.13.0/STM32CubeIDE/plugins/com.st.stm32cube.ide.mcu.externaltools.gnu-tools-for-stm32.11.3.rel1.win32_1.1.0.202305231506/tools/bin/../lib/gcc/arm-none-eabi/11.3.1/../../../../arm-none-eabi/lib/thumb/v7e-m+fp/hard\libc_nano.a(libc_a-nano-vfprintf.o)
                0x000000000800d9b0                vfprintf
                0x000000000800d9b0                vfiprintf
 .text._printf_common
                0x000000000800d9c4       0xda C:/ST/STM32CubeIDE_1.13.0/STM32CubeIDE/plugins/com.st.stm32cube.ide.mcu.externaltools.gnu-tools-for-stm32.11.3.rel1.win32_1.1.0.202305231506/tools/bin/../lib/gcc/arm-none-eabi/11.3.1/../../../../arm-none-eabi/lib/thumb/v7e-m+fp/hard\libc_nano.a(libc_a-nano-vfprintf_i.o)
                0x000000000800d9c4                _printf_common
 *fill*         0x000000000800da9e        0x2 
 .text._printf_i
                0x000000000800daa0      0x244 C:/ST/STM32CubeIDE_1.13.0/STM32CubeIDE/plugins/com.st.stm32cube.ide.mcu.externaltools.gnu-tools-for-stm32.11.3.rel1.win32_1.1.0.202305231506/tools/bin/../lib/gcc/arm-none-eabi/11.3.1/../../../../arm-none-eabi/lib/thumb/v7e-m+fp/hard\libc_nano.a(libc_a-nano-vfprintf_i.o)
                0x000000000800daa0                _printf_i
 .text.__sflush_r
                0x000000000800dce4      0x10c C:/ST/STM32CubeIDE_1.13.0/STM32CubeIDE/plugins/com.st.stm32cube.ide.mcu.externaltools.gnu-tools-for-stm32.11.3.rel1.win32_1.1.0.202305231506/tools/bin/../lib/gcc/arm-none-eabi/11.3.1/../../../../arm-none-eabi/lib/thumb/v7e-m+fp/hard\libc_nano.a(libc_a-fflush.o)
                0x000000000800dce4                __sflush_r
 .text._fflush_r
                0x000000000800ddf0       0x50 C:/ST/STM32CubeIDE_1.13.0/STM32CubeIDE/plugins/com.st.stm32cube.ide.mcu.externaltools.gnu-tools-for-stm32.11.3.rel1.win32_1.1.0.202305231506/tools/bin/../lib/gcc/arm-none-eabi/11.3.1/../../../../arm-none-eabi/lib/thumb/v7e-m+fp/hard\libc_nano.a(libc_a-fflush.o)
                0x000000000800ddf0                _fflush_r
 .text.fflush   0x000000000800de40       0x28 C:/ST/STM32CubeIDE_1.13.0/STM32CubeIDE/plugins/com.st.stm32cube.ide.mcu.externaltools.gnu-tools-for-stm32.11.3.rel1.win32_1.1.0.202305231506/tools/bin/../lib/gcc/arm-none-eabi/11.3.1/../../../../arm-none-eabi/lib/thumb/v7e-m+fp/hard\libc_nano.a(libc_a-fflush.o)
                0x000000000800de40                fflush
 .text.std      0x000000000800de68       0x48 C:/ST/STM32CubeIDE_1.13.0/STM32CubeIDE/plugins/com.st.stm32cube.ide.mcu.externaltools.gnu-tools-for-stm32.11.3.rel1.win32_1.1.0.202305231506/tools/bin/../lib/gcc/arm-none-eabi/11.3.1/../../../../arm-none-eabi/lib/thumb/v7e-m+fp/hard\libc_nano.a(libc_a-findfp.o)
 .text.stdio_exit_handler
                0x000000000800deb0       0x18 C:/ST/STM32CubeIDE_1.13.0/STM32CubeIDE/plugins/com.st.stm32cube.ide.mcu.externaltools.gnu-tools-for-stm32.11.3.rel1.win32_1.1.0.202305231506/tools/bin/../lib/gcc/arm-none-eabi/11.3.1/../../../../arm-none-eabi/lib/thumb/v7e-m+fp/hard\libc_nano.a(libc_a-findfp.o)
 .text.cleanup_stdio
                0x000000000800dec8       0x40 C:/ST/STM32CubeIDE_1.13.0/STM32CubeIDE/plugins/com.st.stm32cube.ide.mcu.externaltools.gnu-tools-for-stm32.11.3.rel1.win32_1.1.0.202305231506/tools/bin/../lib/gcc/arm-none-eabi/11.3.1/../../../../arm-none-eabi/lib/thumb/v7e-m+fp/hard\libc_nano.a(libc_a-findfp.o)
 .text.global_stdio_init.part.0
                0x000000000800df08       0x3c C:/ST/STM32CubeIDE_1.13.0/STM32CubeIDE/plugins/com.st.stm32cube.ide.mcu.externaltools.gnu-tools-for-stm32.11.3.rel1.win32_1.1.0.202305231506/tools/bin/../lib/gcc/arm-none-eabi/11.3.1/../../../../arm-none-eabi/lib/thumb/v7e-m+fp/hard\libc_nano.a(libc_a-findfp.o)
 .text.__sfp_lock_acquire
                0x000000000800df44        0xc C:/ST/STM32CubeIDE_1.13.0/STM32CubeIDE/plugins/com.st.stm32cube.ide.mcu.externaltools.gnu-tools-for-stm32.11.3.rel1.win32_1.1.0.202305231506/tools/bin/../lib/gcc/arm-none-eabi/11.3.1/../../../../arm-none-eabi/lib/thumb/v7e-m+fp/hard\libc_nano.a(libc_a-findfp.o)
                0x000000000800df44                __sfp_lock_acquire
 .text.__sfp_lock_release
                0x000000000800df50        0xc C:/ST/STM32CubeIDE_1.13.0/STM32CubeIDE/plugins/com.st.stm32cube.ide.mcu.externaltools.gnu-tools-for-stm32.11.3.rel1.win32_1.1.0.202305231506/tools/bin/../lib/gcc/arm-none-eabi/11.3.1/../../../../arm-none-eabi/lib/thumb/v7e-m+fp/hard\libc_nano.a(libc_a-findfp.o)
                0x000000000800df50                __sfp_lock_release
 .text.__sinit  0x000000000800df5c       0x30 C:/ST/STM32CubeIDE_1.13.0/STM32CubeIDE/plugins/com.st.stm32cube.ide.mcu.externaltools.gnu-tools-for-stm32.11.3.rel1.win32_1.1.0.202305231506/tools/bin/../lib/gcc/arm-none-eabi/11.3.1/../../../../arm-none-eabi/lib/thumb/v7e-m+fp/hard\libc_nano.a(libc_a-findfp.o)
                0x000000000800df5c                __sinit
 .text._fputc_r
                0x000000000800df8c       0x46 C:/ST/STM32CubeIDE_1.13.0/STM32CubeIDE/plugins/com.st.stm32cube.ide.mcu.externaltools.gnu-tools-for-stm32.11.3.rel1.win32_1.1.0.202305231506/tools/bin/../lib/gcc/arm-none-eabi/11.3.1/../../../../arm-none-eabi/lib/thumb/v7e-m+fp/hard\libc_nano.a(libc_a-fputc.o)
                0x000000000800df8c                _fputc_r
 *fill*         0x000000000800dfd2        0x2 
 .text.fputc    0x000000000800dfd4       0x10 C:/ST/STM32CubeIDE_1.13.0/STM32CubeIDE/plugins/com.st.stm32cube.ide.mcu.externaltools.gnu-tools-for-stm32.11.3.rel1.win32_1.1.0.202305231506/tools/bin/../lib/gcc/arm-none-eabi/11.3.1/../../../../arm-none-eabi/lib/thumb/v7e-m+fp/hard\libc_nano.a(libc_a-fputc.o)
                0x000000000800dfd4                fputc
 .text._fwalk_sglue
                0x000000000800dfe4       0x3c C:/ST/STM32CubeIDE_1.13.0/STM32CubeIDE/plugins/com.st.stm32cube.ide.mcu.externaltools.gnu-tools-for-stm32.11.3.rel1.win32_1.1.0.202305231506/tools/bin/../lib/gcc/arm-none-eabi/11.3.1/../../../../arm-none-eabi/lib/thumb/v7e-m+fp/hard\libc_nano.a(libc_a-fwalk.o)
                0x000000000800dfe4                _fwalk_sglue
 .text._fwrite_r
                0x000000000800e020       0x96 C:/ST/STM32CubeIDE_1.13.0/STM32CubeIDE/plugins/com.st.stm32cube.ide.mcu.externaltools.gnu-tools-for-stm32.11.3.rel1.win32_1.1.0.202305231506/tools/bin/../lib/gcc/arm-none-eabi/11.3.1/../../../../arm-none-eabi/lib/thumb/v7e-m+fp/hard\libc_nano.a(libc_a-fwrite.o)
                0x000000000800e020                _fwrite_r
 *fill*         0x000000000800e0b6        0x2 
 .text.fwrite   0x000000000800e0b8       0x1c C:/ST/STM32CubeIDE_1.13.0/STM32CubeIDE/plugins/com.st.stm32cube.ide.mcu.externaltools.gnu-tools-for-stm32.11.3.rel1.win32_1.1.0.202305231506/tools/bin/../lib/gcc/arm-none-eabi/11.3.1/../../../../arm-none-eabi/lib/thumb/v7e-m+fp/hard\libc_nano.a(libc_a-fwrite.o)
                0x000000000800e0b8                fwrite
 .text.printf   0x000000000800e0d4       0x24 C:/ST/STM32CubeIDE_1.13.0/STM32CubeIDE/plugins/com.st.stm32cube.ide.mcu.externaltools.gnu-tools-for-stm32.11.3.rel1.win32_1.1.0.202305231506/tools/bin/../lib/gcc/arm-none-eabi/11.3.1/../../../../arm-none-eabi/lib/thumb/v7e-m+fp/hard\libc_nano.a(libc_a-printf.o)
                0x000000000800e0d4                iprintf
                0x000000000800e0d4                printf
 .text._putc_r  0x000000000800e0f8       0x68 C:/ST/STM32CubeIDE_1.13.0/STM32CubeIDE/plugins/com.st.stm32cube.ide.mcu.externaltools.gnu-tools-for-stm32.11.3.rel1.win32_1.1.0.202305231506/tools/bin/../lib/gcc/arm-none-eabi/11.3.1/../../../../arm-none-eabi/lib/thumb/v7e-m+fp/hard\libc_nano.a(libc_a-putc.o)
                0x000000000800e0f8                _putc_r
 .text._puts_r  0x000000000800e160       0xa8 C:/ST/STM32CubeIDE_1.13.0/STM32CubeIDE/plugins/com.st.stm32cube.ide.mcu.externaltools.gnu-tools-for-stm32.11.3.rel1.win32_1.1.0.202305231506/tools/bin/../lib/gcc/arm-none-eabi/11.3.1/../../../../arm-none-eabi/lib/thumb/v7e-m+fp/hard\libc_nano.a(libc_a-puts.o)
                0x000000000800e160                _puts_r
 .text.puts     0x000000000800e208       0x10 C:/ST/STM32CubeIDE_1.13.0/STM32CubeIDE/plugins/com.st.stm32cube.ide.mcu.externaltools.gnu-tools-for-stm32.11.3.rel1.win32_1.1.0.202305231506/tools/bin/../lib/gcc/arm-none-eabi/11.3.1/../../../../arm-none-eabi/lib/thumb/v7e-m+fp/hard\libc_nano.a(libc_a-puts.o)
                0x000000000800e208                puts
 .text.setbuf   0x000000000800e218       0x10 C:/ST/STM32CubeIDE_1.13.0/STM32CubeIDE/plugins/com.st.stm32cube.ide.mcu.externaltools.gnu-tools-for-stm32.11.3.rel1.win32_1.1.0.202305231506/tools/bin/../lib/gcc/arm-none-eabi/11.3.1/../../../../arm-none-eabi/lib/thumb/v7e-m+fp/hard\libc_nano.a(libc_a-setbuf.o)
                0x000000000800e218                setbuf
 .text.setvbuf  0x000000000800e228      0x15c C:/ST/STM32CubeIDE_1.13.0/STM32CubeIDE/plugins/com.st.stm32cube.ide.mcu.externaltools.gnu-tools-for-stm32.11.3.rel1.win32_1.1.0.202305231506/tools/bin/../lib/gcc/arm-none-eabi/11.3.1/../../../../arm-none-eabi/lib/thumb/v7e-m+fp/hard\libc_nano.a(libc_a-setvbuf.o)
                0x000000000800e228                setvbuf
 .text.__sread  0x000000000800e384       0x22 C:/ST/STM32CubeIDE_1.13.0/STM32CubeIDE/plugins/com.st.stm32cube.ide.mcu.externaltools.gnu-tools-for-stm32.11.3.rel1.win32_1.1.0.202305231506/tools/bin/../lib/gcc/arm-none-eabi/11.3.1/../../../../arm-none-eabi/lib/thumb/v7e-m+fp/hard\libc_nano.a(libc_a-stdio.o)
                0x000000000800e384                __sread
 .text.__swrite
                0x000000000800e3a6       0x38 C:/ST/STM32CubeIDE_1.13.0/STM32CubeIDE/plugins/com.st.stm32cube.ide.mcu.externaltools.gnu-tools-for-stm32.11.3.rel1.win32_1.1.0.202305231506/tools/bin/../lib/gcc/arm-none-eabi/11.3.1/../../../../arm-none-eabi/lib/thumb/v7e-m+fp/hard\libc_nano.a(libc_a-stdio.o)
                0x000000000800e3a6                __swrite
 .text.__sseek  0x000000000800e3de       0x24 C:/ST/STM32CubeIDE_1.13.0/STM32CubeIDE/plugins/com.st.stm32cube.ide.mcu.externaltools.gnu-tools-for-stm32.11.3.rel1.win32_1.1.0.202305231506/tools/bin/../lib/gcc/arm-none-eabi/11.3.1/../../../../arm-none-eabi/lib/thumb/v7e-m+fp/hard\libc_nano.a(libc_a-stdio.o)
                0x000000000800e3de                __sseek
 .text.__sclose
                0x000000000800e402        0x8 C:/ST/STM32CubeIDE_1.13.0/STM32CubeIDE/plugins/com.st.stm32cube.ide.mcu.externaltools.gnu-tools-for-stm32.11.3.rel1.win32_1.1.0.202305231506/tools/bin/../lib/gcc/arm-none-eabi/11.3.1/../../../../arm-none-eabi/lib/thumb/v7e-m+fp/hard\libc_nano.a(libc_a-stdio.o)
                0x000000000800e402                __sclose
 .text.__swbuf_r
                0x000000000800e40a       0x7a C:/ST/STM32CubeIDE_1.13.0/STM32CubeIDE/plugins/com.st.stm32cube.ide.mcu.externaltools.gnu-tools-for-stm32.11.3.rel1.win32_1.1.0.202305231506/tools/bin/../lib/gcc/arm-none-eabi/11.3.1/../../../../arm-none-eabi/lib/thumb/v7e-m+fp/hard\libc_nano.a(libc_a-wbuf.o)
                0x000000000800e40a                __swbuf_r
 .text.__swsetup_r
                0x000000000800e484       0xb0 C:/ST/STM32CubeIDE_1.13.0/STM32CubeIDE/plugins/com.st.stm32cube.ide.mcu.externaltools.gnu-tools-for-stm32.11.3.rel1.win32_1.1.0.202305231506/tools/bin/../lib/gcc/arm-none-eabi/11.3.1/../../../../arm-none-eabi/lib/thumb/v7e-m+fp/hard\libc_nano.a(libc_a-wsetup.o)
                0x000000000800e484                __swsetup_r
 .text.memmove  0x000000000800e534       0x34 C:/ST/STM32CubeIDE_1.13.0/STM32CubeIDE/plugins/com.st.stm32cube.ide.mcu.externaltools.gnu-tools-for-stm32.11.3.rel1.win32_1.1.0.202305231506/tools/bin/../lib/gcc/arm-none-eabi/11.3.1/../../../../arm-none-eabi/lib/thumb/v7e-m+fp/hard\libc_nano.a(libc_a-memmove.o)
                0x000000000800e534                memmove
 .text.memset   0x000000000800e568       0x10 C:/ST/STM32CubeIDE_1.13.0/STM32CubeIDE/plugins/com.st.stm32cube.ide.mcu.externaltools.gnu-tools-for-stm32.11.3.rel1.win32_1.1.0.202305231506/tools/bin/../lib/gcc/arm-none-eabi/11.3.1/../../../../arm-none-eabi/lib/thumb/v7e-m+fp/hard\libc_nano.a(libc_a-memset.o)
                0x000000000800e568                memset
 .text._close_r
                0x000000000800e578       0x20 C:/ST/STM32CubeIDE_1.13.0/STM32CubeIDE/plugins/com.st.stm32cube.ide.mcu.externaltools.gnu-tools-for-stm32.11.3.rel1.win32_1.1.0.202305231506/tools/bin/../lib/gcc/arm-none-eabi/11.3.1/../../../../arm-none-eabi/lib/thumb/v7e-m+fp/hard\libc_nano.a(libc_a-closer.o)
                0x000000000800e578                _close_r
 .text._lseek_r
                0x000000000800e598       0x24 C:/ST/STM32CubeIDE_1.13.0/STM32CubeIDE/plugins/com.st.stm32cube.ide.mcu.externaltools.gnu-tools-for-stm32.11.3.rel1.win32_1.1.0.202305231506/tools/bin/../lib/gcc/arm-none-eabi/11.3.1/../../../../arm-none-eabi/lib/thumb/v7e-m+fp/hard\libc_nano.a(libc_a-lseekr.o)
                0x000000000800e598                _lseek_r
 .text._read_r  0x000000000800e5bc       0x24 C:/ST/STM32CubeIDE_1.13.0/STM32CubeIDE/plugins/com.st.stm32cube.ide.mcu.externaltools.gnu-tools-for-stm32.11.3.rel1.win32_1.1.0.202305231506/tools/bin/../lib/gcc/arm-none-eabi/11.3.1/../../../../arm-none-eabi/lib/thumb/v7e-m+fp/hard\libc_nano.a(libc_a-readr.o)
                0x000000000800e5bc                _read_r
 .text._sbrk_r  0x000000000800e5e0       0x20 C:/ST/STM32CubeIDE_1.13.0/STM32CubeIDE/plugins/com.st.stm32cube.ide.mcu.externaltools.gnu-tools-for-stm32.11.3.rel1.win32_1.1.0.202305231506/tools/bin/../lib/gcc/arm-none-eabi/11.3.1/../../../../arm-none-eabi/lib/thumb/v7e-m+fp/hard\libc_nano.a(libc_a-sbrkr.o)
                0x000000000800e5e0                _sbrk_r
 .text._write_r
                0x000000000800e600       0x24 C:/ST/STM32CubeIDE_1.13.0/STM32CubeIDE/plugins/com.st.stm32cube.ide.mcu.externaltools.gnu-tools-for-stm32.11.3.rel1.win32_1.1.0.202305231506/tools/bin/../lib/gcc/arm-none-eabi/11.3.1/../../../../arm-none-eabi/lib/thumb/v7e-m+fp/hard\libc_nano.a(libc_a-writer.o)
                0x000000000800e600                _write_r
 .text.__errno  0x000000000800e624        0xc C:/ST/STM32CubeIDE_1.13.0/STM32CubeIDE/plugins/com.st.stm32cube.ide.mcu.externaltools.gnu-tools-for-stm32.11.3.rel1.win32_1.1.0.202305231506/tools/bin/../lib/gcc/arm-none-eabi/11.3.1/../../../../arm-none-eabi/lib/thumb/v7e-m+fp/hard\libc_nano.a(libc_a-errno.o)
                0x000000000800e624                __errno
 .text.__libc_init_array
                0x000000000800e630       0x48 C:/ST/STM32CubeIDE_1.13.0/STM32CubeIDE/plugins/com.st.stm32cube.ide.mcu.externaltools.gnu-tools-for-stm32.11.3.rel1.win32_1.1.0.202305231506/tools/bin/../lib/gcc/arm-none-eabi/11.3.1/../../../../arm-none-eabi/lib/thumb/v7e-m+fp/hard\libc_nano.a(libc_a-init.o)
                0x000000000800e630                __libc_init_array
 .text.__retarget_lock_acquire_recursive
                0x000000000800e678        0x2 C:/ST/STM32CubeIDE_1.13.0/STM32CubeIDE/plugins/com.st.stm32cube.ide.mcu.externaltools.gnu-tools-for-stm32.11.3.rel1.win32_1.1.0.202305231506/tools/bin/../lib/gcc/arm-none-eabi/11.3.1/../../../../arm-none-eabi/lib/thumb/v7e-m+fp/hard\libc_nano.a(libc_a-lock.o)
                0x000000000800e678                __retarget_lock_acquire_recursive
 .text.__retarget_lock_release_recursive
                0x000000000800e67a        0x2 C:/ST/STM32CubeIDE_1.13.0/STM32CubeIDE/plugins/com.st.stm32cube.ide.mcu.externaltools.gnu-tools-for-stm32.11.3.rel1.win32_1.1.0.202305231506/tools/bin/../lib/gcc/arm-none-eabi/11.3.1/../../../../arm-none-eabi/lib/thumb/v7e-m+fp/hard\libc_nano.a(libc_a-lock.o)
                0x000000000800e67a                __retarget_lock_release_recursive
 .text.memcpy   0x000000000800e67c       0x1c C:/ST/STM32CubeIDE_1.13.0/STM32CubeIDE/plugins/com.st.stm32cube.ide.mcu.externaltools.gnu-tools-for-stm32.11.3.rel1.win32_1.1.0.202305231506/tools/bin/../lib/gcc/arm-none-eabi/11.3.1/../../../../arm-none-eabi/lib/thumb/v7e-m+fp/hard\libc_nano.a(libc_a-memcpy-stub.o)
                0x000000000800e67c                memcpy
 .text._free_r  0x000000000800e698       0x98 C:/ST/STM32CubeIDE_1.13.0/STM32CubeIDE/plugins/com.st.stm32cube.ide.mcu.externaltools.gnu-tools-for-stm32.11.3.rel1.win32_1.1.0.202305231506/tools/bin/../lib/gcc/arm-none-eabi/11.3.1/../../../../arm-none-eabi/lib/thumb/v7e-m+fp/hard\libc_nano.a(libc_a-freer.o)
                0x000000000800e698                _free_r
 .text.__swhatbuf_r
                0x000000000800e730       0x4c C:/ST/STM32CubeIDE_1.13.0/STM32CubeIDE/plugins/com.st.stm32cube.ide.mcu.externaltools.gnu-tools-for-stm32.11.3.rel1.win32_1.1.0.202305231506/tools/bin/../lib/gcc/arm-none-eabi/11.3.1/../../../../arm-none-eabi/lib/thumb/v7e-m+fp/hard\libc_nano.a(libc_a-makebuf.o)
                0x000000000800e730                __swhatbuf_r
 .text.__smakebuf_r
                0x000000000800e77c       0x78 C:/ST/STM32CubeIDE_1.13.0/STM32CubeIDE/plugins/com.st.stm32cube.ide.mcu.externaltools.gnu-tools-for-stm32.11.3.rel1.win32_1.1.0.202305231506/tools/bin/../lib/gcc/arm-none-eabi/11.3.1/../../../../arm-none-eabi/lib/thumb/v7e-m+fp/hard\libc_nano.a(libc_a-makebuf.o)
                0x000000000800e77c                __smakebuf_r
 .text._fstat_r
                0x000000000800e7f4       0x24 C:/ST/STM32CubeIDE_1.13.0/STM32CubeIDE/plugins/com.st.stm32cube.ide.mcu.externaltools.gnu-tools-for-stm32.11.3.rel1.win32_1.1.0.202305231506/tools/bin/../lib/gcc/arm-none-eabi/11.3.1/../../../../arm-none-eabi/lib/thumb/v7e-m+fp/hard\libc_nano.a(libc_a-fstatr.o)
                0x000000000800e7f4                _fstat_r
 .text._isatty_r
                0x000000000800e818       0x20 C:/ST/STM32CubeIDE_1.13.0/STM32CubeIDE/plugins/com.st.stm32cube.ide.mcu.externaltools.gnu-tools-for-stm32.11.3.rel1.win32_1.1.0.202305231506/tools/bin/../lib/gcc/arm-none-eabi/11.3.1/../../../../arm-none-eabi/lib/thumb/v7e-m+fp/hard\libc_nano.a(libc_a-isattyr.o)
                0x000000000800e818                _isatty_r
 *(.glue_7)
 .glue_7        0x000000000800e838        0x0 linker stubs
 *(.glue_7t)
 .glue_7t       0x000000000800e838        0x0 linker stubs
 *(.eh_frame)
 .eh_frame      0x000000000800e838        0x0 C:/ST/STM32CubeIDE_1.13.0/STM32CubeIDE/plugins/com.st.stm32cube.ide.mcu.externaltools.gnu-tools-for-stm32.11.3.rel1.win32_1.1.0.202305231506/tools/bin/../lib/gcc/arm-none-eabi/11.3.1/thumb/v7e-m+fp/hard/crtbegin.o
 *(.init)
 .init          0x000000000800e838        0x4 C:/ST/STM32CubeIDE_1.13.0/STM32CubeIDE/plugins/com.st.stm32cube.ide.mcu.externaltools.gnu-tools-for-stm32.11.3.rel1.win32_1.1.0.202305231506/tools/bin/../lib/gcc/arm-none-eabi/11.3.1/thumb/v7e-m+fp/hard/crti.o
                0x000000000800e838                _init
 .init          0x000000000800e83c        0x8 C:/ST/STM32CubeIDE_1.13.0/STM32CubeIDE/plugins/com.st.stm32cube.ide.mcu.externaltools.gnu-tools-for-stm32.11.3.rel1.win32_1.1.0.202305231506/tools/bin/../lib/gcc/arm-none-eabi/11.3.1/thumb/v7e-m+fp/hard/crtn.o
 *(.fini)
 .fini          0x000000000800e844        0x4 C:/ST/STM32CubeIDE_1.13.0/STM32CubeIDE/plugins/com.st.stm32cube.ide.mcu.externaltools.gnu-tools-for-stm32.11.3.rel1.win32_1.1.0.202305231506/tools/bin/../lib/gcc/arm-none-eabi/11.3.1/thumb/v7e-m+fp/hard/crti.o
                0x000000000800e844                _fini
 .fini          0x000000000800e848        0x8 C:/ST/STM32CubeIDE_1.13.0/STM32CubeIDE/plugins/com.st.stm32cube.ide.mcu.externaltools.gnu-tools-for-stm32.11.3.rel1.win32_1.1.0.202305231506/tools/bin/../lib/gcc/arm-none-eabi/11.3.1/thumb/v7e-m+fp/hard/crtn.o
                0x000000000800e850                . = ALIGN (0x4)
                0x000000000800e850                _etext = .

.vfp11_veneer   0x000000000800e850        0x0
 .vfp11_veneer  0x000000000800e850        0x0 linker stubs

.v4_bx          0x000000000800e850        0x0
 .v4_bx         0x000000000800e850        0x0 linker stubs

.iplt           0x000000000800e850        0x0
 .iplt          0x000000000800e850        0x0 C:/ST/STM32CubeIDE_1.13.0/STM32CubeIDE/plugins/com.st.stm32cube.ide.mcu.externaltools.gnu-tools-for-stm32.11.3.rel1.win32_1.1.0.202305231506/tools/bin/../lib/gcc/arm-none-eabi/11.3.1/thumb/v7e-m+fp/hard/crtbegin.o

.rodata         0x000000000800e850      0x9a0
                0x000000000800e850                . = ALIGN (0x4)
 *(.rodata)
 .rodata        0x000000000800e850      0x1c9 ./CanOpenSTM32/CANopenNode_STM32/CO_app_STM32.o
 *fill*         0x000000000800ea19        0x3 
 .rodata        0x000000000800ea1c       0x25 ./Core/Src/log.o
 *fill*         0x000000000800ea41        0x3 
 .rodata        0x000000000800ea44       0x19 ./Core/Src/main.o
 *(.rodata*)
 *fill*         0x000000000800ea5d        0x3 
 .rodata.abortCodes.0
                0x000000000800ea60       0x68 ./CanOpenSTM32/CANopenNode/301/CO_ODinterface.o
 .rodata.CO_LSS_bitTimingTableLookup
                0x000000000800eac8       0x14 ./CanOpenSTM32/CANopenNode/305/CO_LSSslave.o
 .rodata.ODObjs
                0x000000000800eadc      0x698 ./CanOpenSTM32/CANopenNode_STM32/OD.o
 .rodata.AHBPrescTable
                0x000000000800f174       0x10 ./Core/Src/system_stm32l4xx.o
                0x000000000800f174                AHBPrescTable
 .rodata.APBPrescTable
                0x000000000800f184        0x8 ./Core/Src/system_stm32l4xx.o
                0x000000000800f184                APBPrescTable
 .rodata.MSIRangeTable
                0x000000000800f18c       0x30 ./Core/Src/system_stm32l4xx.o
                0x000000000800f18c                MSIRangeTable
 .rodata._vfprintf_r.str1.1
                0x000000000800f1bc       0x11 C:/ST/STM32CubeIDE_1.13.0/STM32CubeIDE/plugins/com.st.stm32cube.ide.mcu.externaltools.gnu-tools-for-stm32.11.3.rel1.win32_1.1.0.202305231506/tools/bin/../lib/gcc/arm-none-eabi/11.3.1/../../../../arm-none-eabi/lib/thumb/v7e-m+fp/hard\libc_nano.a(libc_a-nano-vfprintf.o)
 .rodata._printf_i.str1.1
                0x000000000800f1cd       0x22 C:/ST/STM32CubeIDE_1.13.0/STM32CubeIDE/plugins/com.st.stm32cube.ide.mcu.externaltools.gnu-tools-for-stm32.11.3.rel1.win32_1.1.0.202305231506/tools/bin/../lib/gcc/arm-none-eabi/11.3.1/../../../../arm-none-eabi/lib/thumb/v7e-m+fp/hard\libc_nano.a(libc_a-nano-vfprintf_i.o)
                0x000000000800f1f0                . = ALIGN (0x4)
 *fill*         0x000000000800f1ef        0x1 

.ARM.extab      0x000000000800f1f0        0x0
                0x000000000800f1f0                . = ALIGN (0x4)
 *(.ARM.extab* .gnu.linkonce.armextab.*)
                0x000000000800f1f0                . = ALIGN (0x4)

.ARM            0x000000000800f1f0        0x8
                0x000000000800f1f0                . = ALIGN (0x4)
                0x000000000800f1f0                __exidx_start = .
 *(.ARM.exidx*)
 .ARM.exidx     0x000000000800f1f0        0x8 C:/ST/STM32CubeIDE_1.13.0/STM32CubeIDE/plugins/com.st.stm32cube.ide.mcu.externaltools.gnu-tools-for-stm32.11.3.rel1.win32_1.1.0.202305231506/tools/bin/../lib/gcc/arm-none-eabi/11.3.1/thumb/v7e-m+fp/hard\libgcc.a(_udivmoddi4.o)
                0x000000000800f1f8                __exidx_end = .
                0x000000000800f1f8                . = ALIGN (0x4)

.rel.dyn        0x000000000800f1f8        0x0
 .rel.iplt      0x000000000800f1f8        0x0 C:/ST/STM32CubeIDE_1.13.0/STM32CubeIDE/plugins/com.st.stm32cube.ide.mcu.externaltools.gnu-tools-for-stm32.11.3.rel1.win32_1.1.0.202305231506/tools/bin/../lib/gcc/arm-none-eabi/11.3.1/thumb/v7e-m+fp/hard/crtbegin.o

.preinit_array  0x000000000800f1f8        0x0
                0x000000000800f1f8                . = ALIGN (0x4)
                0x000000000800f1f8                PROVIDE (__preinit_array_start = .)
 *(.preinit_array*)
                0x000000000800f1f8                PROVIDE (__preinit_array_end = .)
                0x000000000800f1f8                . = ALIGN (0x4)

.init_array     0x000000000800f1f8        0x4
                0x000000000800f1f8                . = ALIGN (0x4)
                0x000000000800f1f8                PROVIDE (__init_array_start = .)
 *(SORT_BY_NAME(.init_array.*))
 *(.init_array*)
 .init_array    0x000000000800f1f8        0x4 C:/ST/STM32CubeIDE_1.13.0/STM32CubeIDE/plugins/com.st.stm32cube.ide.mcu.externaltools.gnu-tools-for-stm32.11.3.rel1.win32_1.1.0.202305231506/tools/bin/../lib/gcc/arm-none-eabi/11.3.1/thumb/v7e-m+fp/hard/crtbegin.o
                0x000000000800f1fc                PROVIDE (__init_array_end = .)
                0x000000000800f1fc                . = ALIGN (0x4)

.fini_array     0x000000000800f1fc        0x4
                0x000000000800f1fc                . = ALIGN (0x4)
                [!provide]                        PROVIDE (__fini_array_start = .)
 *(SORT_BY_NAME(.fini_array.*))
 *(.fini_array*)
 .fini_array    0x000000000800f1fc        0x4 C:/ST/STM32CubeIDE_1.13.0/STM32CubeIDE/plugins/com.st.stm32cube.ide.mcu.externaltools.gnu-tools-for-stm32.11.3.rel1.win32_1.1.0.202305231506/tools/bin/../lib/gcc/arm-none-eabi/11.3.1/thumb/v7e-m+fp/hard/crtbegin.o
                [!provide]                        PROVIDE (__fini_array_end = .)
                0x000000000800f200                . = ALIGN (0x4)
                0x000000000800f200                _sidata = LOADADDR (.data)

.data           0x0000000020000000      0x438 load address 0x000000000800f200
                0x0000000020000000                . = ALIGN (0x4)
                0x0000000020000000                _sdata = .
 *(.data)
 *(.data*)
 .data.OD_PERSIST_COMM
                0x0000000020000000      0x1f8 ./CanOpenSTM32/CANopenNode_STM32/OD.o
                0x0000000020000000                OD_PERSIST_COMM
 .data.OD_RAM   0x00000000200001f8       0x34 ./CanOpenSTM32/CANopenNode_STM32/OD.o
                0x00000000200001f8                OD_RAM
 .data.ODList   0x000000002000022c      0x198 ./CanOpenSTM32/CANopenNode_STM32/OD.o
 .data._OD      0x00000000200003c4        0x8 ./CanOpenSTM32/CANopenNode_STM32/OD.o
 .data.OD       0x00000000200003cc        0x4 ./CanOpenSTM32/CANopenNode_STM32/OD.o
                0x00000000200003cc                OD
 .data.SystemCoreClock
                0x00000000200003d0        0x4 ./Core/Src/system_stm32l4xx.o
                0x00000000200003d0                SystemCoreClock
 .data.uwTickPrio
                0x00000000200003d4        0x4 ./Drivers/STM32L4xx_HAL_Driver/Src/stm32l4xx_hal.o
                0x00000000200003d4                uwTickPrio
 .data.uwTickFreq
                0x00000000200003d8        0x1 ./Drivers/STM32L4xx_HAL_Driver/Src/stm32l4xx_hal.o
                0x00000000200003d8                uwTickFreq
 *fill*         0x00000000200003d9        0x3 
 .data.__sglue  0x00000000200003dc        0xc C:/ST/STM32CubeIDE_1.13.0/STM32CubeIDE/plugins/com.st.stm32cube.ide.mcu.externaltools.gnu-tools-for-stm32.11.3.rel1.win32_1.1.0.202305231506/tools/bin/../lib/gcc/arm-none-eabi/11.3.1/../../../../arm-none-eabi/lib/thumb/v7e-m+fp/hard\libc_nano.a(libc_a-findfp.o)
                0x00000000200003dc                __sglue
 .data._impure_data
                0x00000000200003e8       0x4c C:/ST/STM32CubeIDE_1.13.0/STM32CubeIDE/plugins/com.st.stm32cube.ide.mcu.externaltools.gnu-tools-for-stm32.11.3.rel1.win32_1.1.0.202305231506/tools/bin/../lib/gcc/arm-none-eabi/11.3.1/../../../../arm-none-eabi/lib/thumb/v7e-m+fp/hard\libc_nano.a(libc_a-impure.o)
                0x00000000200003e8                _impure_data
 .data._impure_ptr
                0x0000000020000434        0x4 C:/ST/STM32CubeIDE_1.13.0/STM32CubeIDE/plugins/com.st.stm32cube.ide.mcu.externaltools.gnu-tools-for-stm32.11.3.rel1.win32_1.1.0.202305231506/tools/bin/../lib/gcc/arm-none-eabi/11.3.1/../../../../arm-none-eabi/lib/thumb/v7e-m+fp/hard\libc_nano.a(libc_a-impure.o)
                0x0000000020000434                _impure_ptr
 *(.RamFunc)
 *(.RamFunc*)
                0x0000000020000438                . = ALIGN (0x4)