../Core/Src/main.c:83:6:HAL_TIM_PeriodElapsedCallback	16	static
../Core/Src/main.c:99:5:__io_putchar	16	static
../Core/Src/main.c:105:5:__io_getchar	8	static
../Core/Src/main.c:110:6:HAL_UART_RxCpltCallback	16	static
../Core/Src/main.c:114:6:HAL_UART_TxCpltCallback	16	static
../Core/Src/main.c:123:5:main	40	static
../Core/Src/main.c:200:6:SystemClock_Config	96	static
../Core/Src/main.c:257:13:MX_CAN1_Init	8	static
../Core/Src/main.c:294:13:MX_IWDG_Init	8	static
../Core/Src/main.c:323:13:MX_RTC_Init	8	static
../Core/Src/main.c:359:13:MX_TIM7_Init	24	static
../Core/Src/main.c:397:13:MX_USART1_UART_Init	8	static
../Core/Src/main.c:432:13:MX_USART2_UART_Init	8	static
../Core/Src/main.c:465:13:MX_DMA_Init	16	static
../Core/Src/main.c:492:13:MX_GPIO_Init	40	static
../Core/Src/main.c:525:6:Error_Handler	4	static,ignoring_inline_asm
